2026-09-27 23:14:58,504 [INFO] __main__: backtest_v3 [BTCUSDT]: 6207 registros de funding, 2068 dias totais
2026-09-27 23:17:35,964 [WARNING] GarimpoInvestimentos.v3.feature_builder: feature_builder [BTCUSDT]: 21/6207 timestamps descartados por dados ausentes
2026-09-27 23:17:35,964 [INFO] GarimpoInvestimentos.v3.feature_builder: feature_builder [BTCUSDT]: 6096 FeatureVectors construídos
2026-09-27 23:17:35,965 [INFO] __main__: backtest_v3 [BTCUSDT]: fr_window=90, kelly=1.00
2026-09-27 23:17:35,965 [INFO] __main__: backtest_v3 [BTCUSDT]: 6096 feature vectors (série contínua)
2026-09-27 23:17:43,160 [INFO] __main__: backtest_v3 [BTCUSDT]: H9 covariável extra ativa (oi_volume_ratio)
2026-09-27 23:17:43,160 [INFO] __main__: backtest_v3 [BTCUSDT] fold 0: IS=[0 d, 180 d), OOS=[187 d, 217 d)
2026-09-27 23:17:43,261 [INFO] GarimpoInvestimentos.v3.regime_engine: RegimeEngine treinado com 444 observações.
2026-09-27 23:17:43,261 [INFO] GarimpoInvestimentos.v3.regime_engine: Mapa de estados: {0: 'bull', 1: 'sideways', 2: 'bear'}
2026-09-27 23:17:43,261 [INFO] GarimpoInvestimentos.v3.regime_engine:   Estado 0 (bull): 46.6% das obs, retorno médio=0.001646
2026-09-27 23:17:43,261 [INFO] GarimpoInvestimentos.v3.regime_engine:   Estado 1 (sideways): 39.6% das obs, retorno médio=0.001577
2026-09-27 23:17:43,261 [INFO] GarimpoInvestimentos.v3.regime_engine:   Estado 2 (bear): 13.7% das obs, retorno médio=-0.009712
2026-09-27 23:17:43,329 [INFO] __main__: backtest_v3 [BTCUSDT] fold 0: IC=1.0000 [1.0000, 1.0000] PSR=1.000 MaxDD=0.00% → INSUFFICIENT_DATA
2026-09-27 23:17:43,330 [INFO] __main__: backtest_v3 [BTCUSDT] fold 1: IS=[30 d, 210 d), OOS=[217 d, 247 d)
2026-09-27 23:17:43,408 [INFO] GarimpoInvestimentos.v3.regime_engine: RegimeEngine treinado com 534 observações.
2026-09-27 23:17:43,408 [INFO] GarimpoInvestimentos.v3.regime_engine: Mapa de estados: {0: 'bull', 1: 'sideways', 2: 'bear'}
2026-09-27 23:17:43,408 [INFO] GarimpoInvestimentos.v3.regime_engine:   Estado 0 (bull): 52.4% das obs, retorno médio=0.002791
2026-09-27 23:17:43,408 [INFO] GarimpoInvestimentos.v3.regime_engine:   Estado 1 (sideways): 35.2% das obs, retorno médio=-0.000026
2026-09-27 23:17:43,408 [INFO] GarimpoInvestimentos.v3.regime_engine:   Estado 2 (bear): 12.4% das obs, retorno médio=-0.009904
2026-09-27 23:17:43,501 [INFO] __main__: backtest_v3 [BTCUSDT] fold 1: IC=-0.2619 [-0.9231, 0.7143] PSR=0.024 MaxDD=2.59% → INSUFFICIENT_DATA
2026-09-27 23:17:43,501 [INFO] __main__: backtest_v3 [BTCUSDT] fold 2: IS=[60 d, 240 d), OOS=[247 d, 277 d)
2026-09-27 23:17:43,593 [INFO] GarimpoInvestimentos.v3.regime_engine: RegimeEngine treinado com 536 observações.
2026-09-27 23:17:43,593 [INFO] GarimpoInvestimentos.v3.regime_engine: Mapa de estados: {0: 'bull', 1: 'sideways', 2: 'bear'}
2026-09-27 23:17:43,593 [INFO] GarimpoInvestimentos.v3.regime_engine:   Estado 0 (bull): 40.9% das obs, retorno médio=0.002552
2026-09-27 23:17:43,593 [INFO] GarimpoInvestimentos.v3.regime_engine:   Estado 1 (sideways): 49.6% das obs, retorno médio=-0.000117
2026-09-27 23:17:43,593 [INFO] GarimpoInvestimentos.v3.regime_engine:   Estado 2 (bear): 9.5% das obs, retorno médio=-0.010765
2026-09-27 23:17:43,615 [INFO] __main__: backtest_v3 [BTCUSDT] fold 2: IC=0.0000 [0.0000, 0.0000] PSR=0.003 MaxDD=1.84% → INSUFFICIENT_DATA
2026-09-27 23:17:43,615 [INFO] __main__: backtest_v3 [BTCUSDT] fold 3: IS=[90 d, 270 d), OOS=[277 d, 307 d)
2026-09-27 23:17:43,676 [INFO] GarimpoInvestimentos.v3.regime_engine: RegimeEngine treinado com 537 observações.
2026-09-27 23:17:43,676 [INFO] GarimpoInvestimentos.v3.regime_engine: Mapa de estados: {0: 'bull', 1: 'sideways', 2: 'bear'}
2026-09-27 23:17:43,676 [INFO] GarimpoInvestimentos.v3.regime_engine:   Estado 0 (bull): 38.2% das obs, retorno médio=0.002820
2026-09-27 23:17:43,676 [INFO] GarimpoInvestimentos.v3.regime_engine:   Estado 1 (sideways): 51.4% das obs, retorno médio=-0.000354
2026-09-27 23:17:43,676 [INFO] GarimpoInvestimentos.v3.regime_engine:   Estado 2 (bear): 10.4% das obs, retorno médio=-0.014811
2026-09-27 23:17:43,801 [INFO] __main__: backtest_v3 [BTCUSDT] fold 3: IC=-0.0107 [-0.5714, 0.3297] PSR=0.614 MaxDD=2.73% → NO-GO
2026-09-27 23:17:43,801 [INFO] __main__: backtest_v3 [BTCUSDT] fold 4: IS=[120 d, 300 d), OOS=[307 d, 337 d)
2026-09-27 23:17:43,897 [INFO] GarimpoInvestimentos.v3.regime_engine: RegimeEngine treinado com 536 observações.
2026-09-27 23:17:43,897 [INFO] GarimpoInvestimentos.v3.regime_engine: Mapa de estados: {1: 'bull', 0: 'sideways', 2: 'bear'}
2026-09-27 23:17:43,897 [INFO] GarimpoInvestimentos.v3.regime_engine:   Estado 1 (bull): 36.4% das obs, retorno médio=0.002430
2026-09-27 23:17:43,897 [INFO] GarimpoInvestimentos.v3.regime_engine:   Estado 0 (sideways): 53.9% das obs, retorno médio=0.000695
2026-09-27 23:17:43,897 [INFO] GarimpoInvestimentos.v3.regime_engine:   Estado 2 (bear): 9.7% das obs, retorno médio=-0.012807
2026-09-27 23:17:43,916 [INFO] __main__: backtest_v3 [BTCUSDT] fold 4: IC=0.0000 [0.0000, 0.0000] PSR=0.397 MaxDD=0.43% → INSUFFICIENT_DATA
2026-09-27 23:17:43,916 [INFO] __main__: backtest_v3 [BTCUSDT] fold 5: IS=[150 d, 330 d), OOS=[337 d, 367 d)
2026-09-27 23:17:43,965 [INFO] GarimpoInvestimentos.v3.regime_engine: RegimeEngine treinado com 536 observações.
2026-09-27 23:17:43,966 [INFO] GarimpoInvestimentos.v3.regime_engine: Mapa de estados: {1: 'bull', 2: 'sideways', 0: 'bear'}
2026-09-27 23:17:43,966 [INFO] GarimpoInvestimentos.v3.regime_engine:   Estado 1 (bull): 22.4% das obs, retorno médio=0.003394
2026-09-27 23:17:43,966 [INFO] GarimpoInvestimentos.v3.regime_engine:   Estado 2 (sideways): 41.0% das obs, retorno médio=0.000286
2026-09-27 23:17:43,966 [INFO] GarimpoInvestimentos.v3.regime_engine:   Estado 0 (bear): 36.6% das obs, retorno médio=-0.000322
2026-09-27 23:17:43,984 [WARNING] __main__: backtest_v3 fold 5: sem sinais ativos no OOS
2026-09-27 23:17:43,985 [INFO] __main__: backtest_v3 [BTCUSDT] fold 6: IS=[180 d, 360 d), OOS=[367 d, 397 d)
2026-09-27 23:17:44,052 [INFO] GarimpoInvestimentos.v3.regime_engine: RegimeEngine treinado com 538 observações.
2026-09-27 23:17:44,052 [INFO] GarimpoInvestimentos.v3.regime_engine: Mapa de estados: {2: 'bull', 0: 'sideways', 1: 'bear'}
2026-09-27 23:17:44,052 [INFO] GarimpoInvestimentos.v3.regime_engine:   Estado 2 (bull): 10.6% das obs, retorno médio=0.001433
2026-09-27 23:17:44,052 [INFO] GarimpoInvestimentos.v3.regime_engine:   Estado 0 (sideways): 47.0% das obs, retorno médio=0.000498
2026-09-27 23:17:44,052 [INFO] GarimpoInvestimentos.v3.regime_engine:   Estado 1 (bear): 42.4% das obs, retorno médio=0.000433
2026-09-27 23:17:44,128 [INFO] __main__: backtest_v3 [BTCUSDT] fold 6: IC=0.3000 [-1.0000, 1.0000] PSR=0.580 MaxDD=0.43% → INSUFFICIENT_DATA
2026-09-27 23:17:44,128 [INFO] __main__: backtest_v3 [BTCUSDT] fold 7: IS=[210 d, 390 d), OOS=[397 d, 427 d)
2026-09-27 23:17:44,199 [INFO] GarimpoInvestimentos.v3.regime_engine: RegimeEngine treinado com 539 observações.
2026-09-27 23:17:44,199 [INFO] GarimpoInvestimentos.v3.regime_engine: Mapa de estados: {1: 'bull', 0: 'sideways', 2: 'bear'}
2026-09-27 23:17:44,199 [INFO] GarimpoInvestimentos.v3.regime_engine:   Estado 1 (bull): 44.7% das obs, retorno médio=0.000863
2026-09-27 23:17:44,199 [INFO] GarimpoInvestimentos.v3.regime_engine:   Estado 0 (sideways): 44.3% das obs, retorno médio=0.000272
2026-09-27 23:17:44,199 [INFO] GarimpoInvestimentos.v3.regime_engine:   Estado 2 (bear): 10.9% das obs, retorno médio=-0.006218
2026-09-27 23:17:44,218 [WARNING] __main__: backtest_v3 fold 7: sem sinais ativos no OOS
2026-09-27 23:17:44,218 [INFO] __main__: backtest_v3 [BTCUSDT] fold 8: IS=[240 d, 420 d), OOS=[427 d, 457 d)
2026-09-27 23:17:44,337 [INFO] GarimpoInvestimentos.v3.regime_engine: RegimeEngine treinado com 538 observações.
2026-09-27 23:17:44,337 [INFO] GarimpoInvestimentos.v3.regime_engine: Mapa de estados: {1: 'bull', 0: 'sideways', 2: 'bear'}
2026-09-27 23:17:44,337 [INFO] GarimpoInvestimentos.v3.regime_engine:   Estado 1 (bull): 50.0% das obs, retorno médio=0.000500
2026-09-27 23:17:44,337 [INFO] GarimpoInvestimentos.v3.regime_engine:   Estado 0 (sideways): 42.4% das obs, retorno médio=-0.000560
2026-09-27 23:17:44,337 [INFO] GarimpoInvestimentos.v3.regime_engine:   Estado 2 (bear): 7.6% das obs, retorno médio=-0.006501
2026-09-27 23:17:44,356 [WARNING] __main__: backtest_v3 fold 8: sem sinais ativos no OOS
2026-09-27 23:17:44,356 [INFO] __main__: backtest_v3 [BTCUSDT] fold 9: IS=[270 d, 450 d), OOS=[457 d, 487 d)
2026-09-27 23:17:44,504 [INFO] GarimpoInvestimentos.v3.regime_engine: RegimeEngine treinado com 534 observações.
2026-09-27 23:17:44,504 [INFO] GarimpoInvestimentos.v3.regime_engine: Mapa de estados: {2: 'bull', 1: 'sideways', 0: 'bear'}
2026-09-27 23:17:44,504 [INFO] GarimpoInvestimentos.v3.regime_engine:   Estado 2 (bull): 52.1% das obs, retorno médio=0.000977
2026-09-27 23:17:44,504 [INFO] GarimpoInvestimentos.v3.regime_engine:   Estado 1 (sideways): 12.9% das obs, retorno médio=-0.000116
2026-09-27 23:17:44,504 [INFO] GarimpoInvestimentos.v3.regime_engine:   Estado 0 (bear): 35.0% das obs, retorno médio=-0.001332
2026-09-27 23:17:44,523 [INFO] __main__: backtest_v3 [BTCUSDT] fold 9: IC=0.0000 [0.0000, 0.0000] PSR=0.886 MaxDD=0.08% → INSUFFICIENT_DATA
2026-09-27 23:17:44,523 [INFO] __main__: backtest_v3 [BTCUSDT] fold 10: IS=[300 d, 480 d), OOS=[487 d, 517 d)
2026-09-27 23:17:44,596 [INFO] GarimpoInvestimentos.v3.regime_engine: RegimeEngine treinado com 537 observações.
2026-09-27 23:17:44,596 [INFO] GarimpoInvestimentos.v3.regime_engine: Mapa de estados: {1: 'bull', 2: 'sideways', 0: 'bear'}
2026-09-27 23:17:44,596 [INFO] GarimpoInvestimentos.v3.regime_engine:   Estado 1 (bull): 36.9% das obs, retorno médio=0.000161
2026-09-27 23:17:44,596 [INFO] GarimpoInvestimentos.v3.regime_engine:   Estado 2 (sideways): 11.5% das obs, retorno médio=-0.000534
2026-09-27 23:17:44,596 [INFO] GarimpoInvestimentos.v3.regime_engine:   Estado 0 (bear): 51.6% das obs, retorno médio=-0.001542
2026-09-27 23:17:44,621 [WARNING] __main__: backtest_v3 fold 10: sem sinais ativos no OOS
2026-09-27 23:17:44,621 [INFO] __main__: backtest_v3 [BTCUSDT] fold 11: IS=[330 d, 510 d), OOS=[517 d, 547 d)
2026-09-27 23:17:44,663 [INFO] GarimpoInvestimentos.v3.regime_engine: RegimeEngine treinado com 537 observações.
2026-09-27 23:17:44,663 [INFO] GarimpoInvestimentos.v3.regime_engine: Mapa de estados: {0: 'bull', 1: 'sideways', 2: 'bear'}
2026-09-27 23:17:44,663 [INFO] GarimpoInvestimentos.v3.regime_engine:   Estado 0 (bull): 43.9% das obs, retorno médio=0.000658
2026-09-27 23:17:44,663 [INFO] GarimpoInvestimentos.v3.regime_engine:   Estado 1 (sideways): 44.1% das obs, retorno médio=-0.002574
2026-09-27 23:17:44,663 [INFO] GarimpoInvestimentos.v3.regime_engine:   Estado 2 (bear): 11.9% das obs, retorno médio=-0.002639
2026-09-27 23:17:44,683 [INFO] __main__: backtest_v3 [BTCUSDT] fold 11: IC=0.0000 [0.0000, 0.0000] PSR=0.005 MaxDD=3.72% → INSUFFICIENT_DATA
2026-09-27 23:17:44,683 [INFO] __main__: backtest_v3 [BTCUSDT] fold 12: IS=[360 d, 540 d), OOS=[547 d, 577 d)
2026-09-27 23:17:44,721 [INFO] GarimpoInvestimentos.v3.regime_engine: RegimeEngine treinado com 538 observações.
2026-09-27 23:17:44,721 [INFO] GarimpoInvestimentos.v3.regime_engine: Mapa de estados: {0: 'bull', 1: 'sideways', 2: 'bear'}
2026-09-27 23:17:44,721 [INFO] GarimpoInvestimentos.v3.regime_engine:   Estado 0 (bull): 36.1% das obs, retorno médio=0.000466
2026-09-27 23:17:44,721 [INFO] GarimpoInvestimentos.v3.regime_engine:   Estado 1 (sideways): 44.1% das obs, retorno médio=-0.001736
2026-09-27 23:17:44,721 [INFO] GarimpoInvestimentos.v3.regime_engine:   Estado 2 (bear): 19.9% das obs, retorno médio=-0.005171
2026-09-27 23:17:44,741 [WARNING] __main__: backtest_v3 fold 12: sem sinais ativos no OOS
2026-09-27 23:17:44,741 [INFO] __main__: backtest_v3 [BTCUSDT] fold 13: IS=[390 d, 570 d), OOS=[577 d, 607 d)
2026-09-27 23:17:44,841 [INFO] GarimpoInvestimentos.v3.regime_engine: RegimeEngine treinado com 537 observações.
2026-09-27 23:17:44,841 [INFO] GarimpoInvestimentos.v3.regime_engine: Mapa de estados: {1: 'bull', 2: 'sideways', 0: 'bear'}
2026-09-27 23:17:44,841 [INFO] GarimpoInvestimentos.v3.regime_engine:   Estado 1 (bull): 37.4% das obs, retorno médio=0.002589
2026-09-27 23:17:44,841 [INFO] GarimpoInvestimentos.v3.regime_engine:   Estado 2 (sideways): 25.1% das obs, retorno médio=-0.001675
2026-09-27 23:17:44,841 [INFO] GarimpoInvestimentos.v3.regime_engine:   Estado 0 (bear): 37.4% das obs, retorno médio=-0.004001
2026-09-27 23:17:44,863 [INFO] __main__: backtest_v3 [BTCUSDT] fold 13: IC=0.0000 [0.0000, 0.0000] PSR=0.024 MaxDD=0.09% → INSUFFICIENT_DATA
2026-09-27 23:17:44,863 [INFO] __main__: backtest_v3 [BTCUSDT] fold 14: IS=[420 d, 600 d), OOS=[607 d, 637 d)
2026-09-27 23:17:44,943 [INFO] GarimpoInvestimentos.v3.regime_engine: RegimeEngine treinado com 536 observações.
2026-09-27 23:17:44,943 [INFO] GarimpoInvestimentos.v3.regime_engine: Mapa de estados: {2: 'bull', 1: 'sideways', 0: 'bear'}
2026-09-27 23:17:44,943 [INFO] GarimpoInvestimentos.v3.regime_engine:   Estado 2 (bull): 36.4% das obs, retorno médio=-0.000043
2026-09-27 23:17:44,943 [INFO] GarimpoInvestimentos.v3.regime_engine:   Estado 1 (sideways): 20.5% das obs, retorno médio=-0.001420
2026-09-27 23:17:44,943 [INFO] GarimpoInvestimentos.v3.regime_engine:   Estado 0 (bear): 43.1% das obs, retorno médio=-0.001869
2026-09-27 23:17:44,962 [WARNING] __main__: backtest_v3 fold 14: sem sinais ativos no OOS
2026-09-27 23:17:44,962 [INFO] __main__: backtest_v3 [BTCUSDT] fold 15: IS=[450 d, 630 d), OOS=[637 d, 667 d)
2026-09-27 23:17:45,021 [INFO] GarimpoInvestimentos.v3.regime_engine: RegimeEngine treinado com 540 observações.
2026-09-27 23:17:45,021 [INFO] GarimpoInvestimentos.v3.regime_engine: Mapa de estados: {1: 'bull', 0: 'sideways', 2: 'bear'}
2026-09-27 23:17:45,021 [INFO] GarimpoInvestimentos.v3.regime_engine:   Estado 1 (bull): 35.4% das obs, retorno médio=-0.000288
2026-09-27 23:17:45,021 [INFO] GarimpoInvestimentos.v3.regime_engine:   Estado 0 (sideways): 43.5% das obs, retorno médio=-0.001504
2026-09-27 23:17:45,021 [INFO] GarimpoInvestimentos.v3.regime_engine:   Estado 2 (bear): 21.1% das obs, retorno médio=-0.003830
2026-09-27 23:17:45,040 [WARNING] __main__: backtest_v3 fold 15: sem sinais ativos no OOS
2026-09-27 23:17:45,040 [INFO] __main__: backtest_v3 [BTCUSDT] fold 16: IS=[480 d, 660 d), OOS=[667 d, 697 d)
2026-09-27 23:17:45,084 [INFO] GarimpoInvestimentos.v3.regime_engine: RegimeEngine treinado com 540 observações.
2026-09-27 23:17:45,084 [INFO] GarimpoInvestimentos.v3.regime_engine: Mapa de estados: {2: 'bull', 1: 'sideways', 0: 'bear'}
2026-09-27 23:17:45,084 [INFO] GarimpoInvestimentos.v3.regime_engine:   Estado 2 (bull): 48.9% das obs, retorno médio=-0.000208
2026-09-27 23:17:45,084 [INFO] GarimpoInvestimentos.v3.regime_engine:   Estado 1 (sideways): 40.2% das obs, retorno médio=-0.001620
2026-09-27 23:17:45,084 [INFO] GarimpoInvestimentos.v3.regime_engine:   Estado 0 (bear): 10.9% das obs, retorno médio=-0.005077
2026-09-27 23:17:45,103 [INFO] __main__: backtest_v3 [BTCUSDT] fold 16: IC=0.0000 [0.0000, 0.0000] PSR=0.997 MaxDD=0.00% → INSUFFICIENT_DATA
2026-09-27 23:17:45,104 [INFO] __main__: backtest_v3 [BTCUSDT] fold 17: IS=[510 d, 690 d), OOS=[697 d, 727 d)
2026-09-27 23:17:45,156 [INFO] GarimpoInvestimentos.v3.regime_engine: RegimeEngine treinado com 541 observações.
2026-09-27 23:17:45,157 [INFO] GarimpoInvestimentos.v3.regime_engine: Mapa de estados: {1: 'bull', 0: 'sideways', 2: 'bear'}
2026-09-27 23:17:45,157 [INFO] GarimpoInvestimentos.v3.regime_engine:   Estado 1 (bull): 43.6% das obs, retorno médio=-0.000687
2026-09-27 23:17:45,157 [INFO] GarimpoInvestimentos.v3.regime_engine:   Estado 0 (sideways): 34.2% das obs, retorno médio=-0.000710
2026-09-27 23:17:45,157 [INFO] GarimpoInvestimentos.v3.regime_engine:   Estado 2 (bear): 22.2% das obs, retorno médio=-0.002805
2026-09-27 23:17:45,176 [WARNING] __main__: backtest_v3 fold 17: sem sinais ativos no OOS
2026-09-27 23:17:45,176 [INFO] __main__: backtest_v3 [BTCUSDT] fold 18: IS=[540 d, 720 d), OOS=[727 d, 757 d)
2026-09-27 23:17:45,210 [INFO] GarimpoInvestimentos.v3.regime_engine: RegimeEngine treinado com 539 observações.
2026-09-27 23:17:45,210 [INFO] GarimpoInvestimentos.v3.regime_engine: Mapa de estados: {0: 'bull', 1: 'sideways', 2: 'bear'}
2026-09-27 23:17:45,210 [INFO] GarimpoInvestimentos.v3.regime_engine:   Estado 0 (bull): 53.8% das obs, retorno médio=-0.000251
2026-09-27 23:17:45,210 [INFO] GarimpoInvestimentos.v3.regime_engine:   Estado 1 (sideways): 15.4% das obs, retorno médio=-0.000457
2026-09-27 23:17:45,210 [INFO] GarimpoInvestimentos.v3.regime_engine:   Estado 2 (bear): 30.8% das obs, retorno médio=-0.000723
2026-09-27 23:17:45,229 [INFO] __main__: backtest_v3 [BTCUSDT] fold 18: IC=0.0000 [0.0000, 0.0000] PSR=0.024 MaxDD=0.11% → INSUFFICIENT_DATA
2026-09-27 23:17:45,229 [INFO] __main__: backtest_v3 [BTCUSDT] fold 19: IS=[570 d, 750 d), OOS=[757 d, 787 d)
2026-09-27 23:17:45,277 [INFO] GarimpoInvestimentos.v3.regime_engine: RegimeEngine treinado com 539 observações.
2026-09-27 23:17:45,277 [INFO] GarimpoInvestimentos.v3.regime_engine: Mapa de estados: {0: 'bull', 2: 'sideways', 1: 'bear'}
2026-09-27 23:17:45,277 [INFO] GarimpoInvestimentos.v3.regime_engine:   Estado 0 (bull): 17.4% das obs, retorno médio=0.000464
2026-09-27 23:17:45,277 [INFO] GarimpoInvestimentos.v3.regime_engine:   Estado 2 (sideways): 29.3% das obs, retorno médio=-0.000008
2026-09-27 23:17:45,277 [INFO] GarimpoInvestimentos.v3.regime_engine:   Estado 1 (bear): 53.2% das obs, retorno médio=-0.000376
2026-09-27 23:17:45,353 [INFO] __main__: backtest_v3 [BTCUSDT] fold 19: IC=0.7000 [-0.6667, 1.0000] PSR=0.977 MaxDD=0.56% → INSUFFICIENT_DATA
2026-09-27 23:17:45,353 [INFO] __main__: backtest_v3 [BTCUSDT] fold 20: IS=[600 d, 780 d), OOS=[787 d, 817 d)
2026-09-27 23:17:45,445 [INFO] GarimpoInvestimentos.v3.regime_engine: RegimeEngine treinado com 540 observações.
2026-09-27 23:17:45,445 [INFO] GarimpoInvestimentos.v3.regime_engine: Mapa de estados: {2: 'bull', 1: 'sideways', 0: 'bear'}
2026-09-27 23:17:45,445 [INFO] GarimpoInvestimentos.v3.regime_engine:   Estado 2 (bull): 20.7% das obs, retorno médio=0.002102
2026-09-27 23:17:45,445 [INFO] GarimpoInvestimentos.v3.regime_engine:   Estado 1 (sideways): 30.0% das obs, retorno médio=0.000081
2026-09-27 23:17:45,445 [INFO] GarimpoInvestimentos.v3.regime_engine:   Estado 0 (bear): 49.3% das obs, retorno médio=-0.000375
2026-09-27 23:17:45,514 [INFO] __main__: backtest_v3 [BTCUSDT] fold 20: IC=1.0000 [1.0000, 1.0000] PSR=0.989 MaxDD=0.41% → INSUFFICIENT_DATA
2026-09-27 23:17:45,514 [INFO] __main__: backtest_v3 [BTCUSDT] fold 21: IS=[630 d, 810 d), OOS=[817 d, 847 d)
2026-09-27 23:17:45,608 [INFO] GarimpoInvestimentos.v3.regime_engine: RegimeEngine treinado com 541 observações.
2026-09-27 23:17:45,608 [INFO] GarimpoInvestimentos.v3.regime_engine: Mapa de estados: {2: 'bull', 0: 'sideways', 1: 'bear'}
2026-09-27 23:17:45,608 [INFO] GarimpoInvestimentos.v3.regime_engine:   Estado 2 (bull): 18.3% das obs, retorno médio=0.005631
2026-09-27 23:17:45,608 [INFO] GarimpoInvestimentos.v3.regime_engine:   Estado 0 (sideways): 33.8% das obs, retorno médio=0.000071
2026-09-27 23:17:45,608 [INFO] GarimpoInvestimentos.v3.regime_engine:   Estado 1 (bear): 47.9% das obs, retorno médio=-0.000688
2026-09-27 23:17:45,626 [WARNING] __main__: backtest_v3 fold 21: sem sinais ativos no OOS
2026-09-27 23:17:45,626 [INFO] __main__: backtest_v3 [BTCUSDT] fold 22: IS=[660 d, 840 d), OOS=[847 d, 877 d)
2026-09-27 23:17:45,664 [INFO] GarimpoInvestimentos.v3.regime_engine: RegimeEngine treinado com 540 observações.
2026-09-27 23:17:45,664 [INFO] GarimpoInvestimentos.v3.regime_engine: Mapa de estados: {1: 'bull', 2: 'sideways', 0: 'bear'}
2026-09-27 23:17:45,664 [INFO] GarimpoInvestimentos.v3.regime_engine:   Estado 1 (bull): 21.3% das obs, retorno médio=0.003326
2026-09-27 23:17:45,664 [INFO] GarimpoInvestimentos.v3.regime_engine:   Estado 2 (sideways): 37.0% das obs, retorno médio=0.000140
2026-09-27 23:17:45,664 [INFO] GarimpoInvestimentos.v3.regime_engine:   Estado 0 (bear): 41.7% das obs, retorno médio=-0.000076
2026-09-27 23:17:45,683 [WARNING] __main__: backtest_v3 fold 22: sem sinais ativos no OOS
2026-09-27 23:17:45,683 [INFO] __main__: backtest_v3 [BTCUSDT] fold 23: IS=[690 d, 870 d), OOS=[877 d, 907 d)
2026-09-27 23:17:45,744 [INFO] GarimpoInvestimentos.v3.regime_engine: RegimeEngine treinado com 539 observações.
2026-09-27 23:17:45,744 [INFO] GarimpoInvestimentos.v3.regime_engine: Mapa de estados: {2: 'bull', 0: 'sideways', 1: 'bear'}
2026-09-27 23:17:45,744 [INFO] GarimpoInvestimentos.v3.regime_engine:   Estado 2 (bull): 30.2% das obs, retorno médio=0.004055
2026-09-27 23:17:45,744 [INFO] GarimpoInvestimentos.v3.regime_engine:   Estado 0 (sideways): 33.6% das obs, retorno médio=0.000735
2026-09-27 23:17:45,744 [INFO] GarimpoInvestimentos.v3.regime_engine:   Estado 1 (bear): 36.2% das obs, retorno médio=-0.001328
2026-09-27 23:17:45,764 [INFO] __main__: backtest_v3 [BTCUSDT] fold 23: IC=0.0000 [0.0000, 0.0000] PSR=0.976 MaxDD=0.00% → INSUFFICIENT_DATA
2026-09-27 23:17:45,764 [INFO] __main__: backtest_v3 [BTCUSDT] fold 24: IS=[720 d, 900 d), OOS=[907 d, 937 d)
2026-09-27 23:17:45,800 [INFO] GarimpoInvestimentos.v3.regime_engine: RegimeEngine treinado com 541 observações.
2026-09-27 23:17:45,800 [INFO] GarimpoInvestimentos.v3.regime_engine: Mapa de estados: {2: 'bull', 0: 'sideways', 1: 'bear'}
2026-09-27 23:17:45,800 [INFO] GarimpoInvestimentos.v3.regime_engine:   Estado 2 (bull): 35.5% das obs, retorno médio=0.002629
2026-09-27 23:17:45,800 [INFO] GarimpoInvestimentos.v3.regime_engine:   Estado 0 (sideways): 32.2% das obs, retorno médio=0.000495
2026-09-27 23:17:45,800 [INFO] GarimpoInvestimentos.v3.regime_engine:   Estado 1 (bear): 32.3% das obs, retorno médio=-0.000720
2026-09-27 23:17:45,819 [INFO] __main__: backtest_v3 [BTCUSDT] fold 24: IC=0.0000 [0.0000, 0.0000] PSR=0.024 MaxDD=0.17% → INSUFFICIENT_DATA
2026-09-27 23:17:45,819 [INFO] __main__: backtest_v3 [BTCUSDT] fold 25: IS=[750 d, 930 d), OOS=[937 d, 967 d)
2026-09-27 23:17:45,856 [INFO] GarimpoInvestimentos.v3.regime_engine: RegimeEngine treinado com 541 observações.
2026-09-27 23:17:45,856 [INFO] GarimpoInvestimentos.v3.regime_engine: Mapa de estados: {0: 'bull', 2: 'sideways', 1: 'bear'}
2026-09-27 23:17:45,856 [INFO] GarimpoInvestimentos.v3.regime_engine:   Estado 0 (bull): 11.6% das obs, retorno médio=0.007375
2026-09-27 23:17:45,856 [INFO] GarimpoInvestimentos.v3.regime_engine:   Estado 2 (sideways): 29.2% das obs, retorno médio=0.000338
2026-09-27 23:17:45,856 [INFO] GarimpoInvestimentos.v3.regime_engine:   Estado 1 (bear): 59.1% das obs, retorno médio=-0.000535
2026-09-27 23:17:45,876 [INFO] __main__: backtest_v3 [BTCUSDT] fold 25: IC=0.0000 [0.0000, 0.0000] PSR=0.000 MaxDD=0.42% → INSUFFICIENT_DATA
2026-09-27 23:17:45,876 [INFO] __main__: backtest_v3 [BTCUSDT] fold 26: IS=[780 d, 960 d), OOS=[967 d, 997 d)
2026-09-27 23:17:45,913 [INFO] GarimpoInvestimentos.v3.regime_engine: RegimeEngine treinado com 541 observações.
2026-09-27 23:17:45,914 [INFO] GarimpoInvestimentos.v3.regime_engine: Mapa de estados: {0: 'bull', 1: 'sideways', 2: 'bear'}
2026-09-27 23:17:45,914 [INFO] GarimpoInvestimentos.v3.regime_engine:   Estado 0 (bull): 19.6% das obs, retorno médio=0.000539
2026-09-27 23:17:45,914 [INFO] GarimpoInvestimentos.v3.regime_engine:   Estado 1 (sideways): 39.9% das obs, retorno médio=0.000040
2026-09-27 23:17:45,914 [INFO] GarimpoInvestimentos.v3.regime_engine:   Estado 2 (bear): 40.5% das obs, retorno médio=-0.000097
2026-09-27 23:17:45,933 [INFO] __main__: backtest_v3 [BTCUSDT] fold 26: IC=0.0000 [0.0000, 0.0000] PSR=0.976 MaxDD=0.00% → INSUFFICIENT_DATA
2026-09-27 23:17:45,933 [INFO] __main__: backtest_v3 [BTCUSDT] fold 27: IS=[810 d, 990 d), OOS=[997 d, 1027 d)
2026-09-27 23:17:45,979 [INFO] GarimpoInvestimentos.v3.regime_engine: RegimeEngine treinado com 540 observações.
2026-09-27 23:17:45,979 [INFO] GarimpoInvestimentos.v3.regime_engine: Mapa de estados: {0: 'bull', 1: 'sideways', 2: 'bear'}
2026-09-27 23:17:45,979 [INFO] GarimpoInvestimentos.v3.regime_engine:   Estado 0 (bull): 39.1% das obs, retorno médio=-0.000084
2026-09-27 23:17:45,979 [INFO] GarimpoInvestimentos.v3.regime_engine:   Estado 1 (sideways): 46.1% das obs, retorno médio=-0.000104
2026-09-27 23:17:45,979 [INFO] GarimpoInvestimentos.v3.regime_engine:   Estado 2 (bear): 14.8% das obs, retorno médio=-0.000177
2026-09-27 23:17:46,054 [INFO] __main__: backtest_v3 [BTCUSDT] fold 27: IC=0.8000 [-1.0000, 1.0000] PSR=0.993 MaxDD=0.02% → INSUFFICIENT_DATA
2026-09-27 23:17:46,054 [INFO] __main__: backtest_v3 [BTCUSDT] fold 28: IS=[840 d, 1020 d), OOS=[1027 d, 1057 d)
2026-09-27 23:17:46,114 [INFO] GarimpoInvestimentos.v3.regime_engine: RegimeEngine treinado com 541 observações.
2026-09-27 23:17:46,114 [INFO] GarimpoInvestimentos.v3.regime_engine: Mapa de estados: {2: 'bull', 1: 'sideways', 0: 'bear'}
2026-09-27 23:17:46,114 [INFO] GarimpoInvestimentos.v3.regime_engine:   Estado 2 (bull): 15.3% das obs, retorno médio=0.000862
2026-09-27 23:17:46,114 [INFO] GarimpoInvestimentos.v3.regime_engine:   Estado 1 (sideways): 38.3% das obs, retorno médio=-0.000014
2026-09-27 23:17:46,114 [INFO] GarimpoInvestimentos.v3.regime_engine:   Estado 0 (bear): 46.4% das obs, retorno médio=-0.000289
2026-09-27 23:17:46,133 [INFO] __main__: backtest_v3 [BTCUSDT] fold 28: IC=0.0000 [0.0000, 0.0000] PSR=0.976 MaxDD=0.00% → INSUFFICIENT_DATA
2026-09-27 23:17:46,133 [INFO] __main__: backtest_v3 [BTCUSDT] fold 29: IS=[870 d, 1050 d), OOS=[1057 d, 1087 d)
2026-09-27 23:17:46,172 [INFO] GarimpoInvestimentos.v3.regime_engine: RegimeEngine treinado com 541 observações.
2026-09-27 23:17:46,172 [INFO] GarimpoInvestimentos.v3.regime_engine: Mapa de estados: {2: 'bull', 0: 'sideways', 1: 'bear'}
2026-09-27 23:17:46,172 [INFO] GarimpoInvestimentos.v3.regime_engine:   Estado 2 (bull): 19.6% das obs, retorno médio=0.002600
2026-09-27 23:17:46,172 [INFO] GarimpoInvestimentos.v3.regime_engine:   Estado 0 (sideways): 47.5% das obs, retorno médio=0.000191
2026-09-27 23:17:46,172 [INFO] GarimpoInvestimentos.v3.regime_engine:   Estado 1 (bear): 32.9% das obs, retorno médio=-0.000171
2026-09-27 23:17:46,251 [INFO] __main__: backtest_v3 [BTCUSDT] fold 29: IC=0.7714 [-0.6000, 1.0000] PSR=0.117 MaxDD=0.77% → INSUFFICIENT_DATA
2026-09-27 23:17:46,251 [INFO] __main__: backtest_v3 [BTCUSDT] fold 30: IS=[900 d, 1080 d), OOS=[1087 d, 1117 d)
2026-09-27 23:17:46,313 [WARNING] hmmlearn.base: Model is not converging.  Current: -1700.2529534683176 is not greater than -1700.252951492101. Delta is -1.9762167084991233e-06
2026-09-27 23:17:46,314 [INFO] GarimpoInvestimentos.v3.regime_engine: RegimeEngine treinado com 540 observações.
2026-09-27 23:17:46,314 [INFO] GarimpoInvestimentos.v3.regime_engine: Mapa de estados: {2: 'bull', 1: 'sideways', 0: 'bear'}
2026-09-27 23:17:46,314 [INFO] GarimpoInvestimentos.v3.regime_engine:   Estado 2 (bull): 20.2% das obs, retorno médio=0.003420
2026-09-27 23:17:46,314 [INFO] GarimpoInvestimentos.v3.regime_engine:   Estado 1 (sideways): 49.8% das obs, retorno médio=0.000373
2026-09-27 23:17:46,314 [INFO] GarimpoInvestimentos.v3.regime_engine:   Estado 0 (bear): 30.0% das obs, retorno médio=-0.000116
2026-09-27 23:17:46,390 [INFO] __main__: backtest_v3 [BTCUSDT] fold 30: IC=0.5000 [-1.0000, 1.0000] PSR=0.636 MaxDD=0.77% → INSUFFICIENT_DATA
2026-09-27 23:17:46,391 [INFO] __main__: backtest_v3 [BTCUSDT] fold 31: IS=[930 d, 1110 d), OOS=[1117 d, 1147 d)
2026-09-27 23:17:46,454 [INFO] GarimpoInvestimentos.v3.regime_engine: RegimeEngine treinado com 540 observações.
2026-09-27 23:17:46,454 [INFO] GarimpoInvestimentos.v3.regime_engine: Mapa de estados: {2: 'bull', 1: 'sideways', 0: 'bear'}
2026-09-27 23:17:46,454 [INFO] GarimpoInvestimentos.v3.regime_engine:   Estado 2 (bull): 22.0% das obs, retorno médio=0.002908
2026-09-27 23:17:46,454 [INFO] GarimpoInvestimentos.v3.regime_engine:   Estado 1 (sideways): 50.9% das obs, retorno médio=0.000098
2026-09-27 23:17:46,454 [INFO] GarimpoInvestimentos.v3.regime_engine:   Estado 0 (bear): 27.0% das obs, retorno médio=-0.000146
2026-09-27 23:17:46,530 [INFO] __main__: backtest_v3 [BTCUSDT] fold 31: IC=0.5000 [-1.0000, 1.0000] PSR=0.887 MaxDD=0.26% → INSUFFICIENT_DATA
2026-09-27 23:17:46,530 [INFO] __main__: backtest_v3 [BTCUSDT] fold 32: IS=[960 d, 1140 d), OOS=[1147 d, 1177 d)
2026-09-27 23:17:46,594 [INFO] GarimpoInvestimentos.v3.regime_engine: RegimeEngine treinado com 540 observações.
2026-09-27 23:17:46,594 [INFO] GarimpoInvestimentos.v3.regime_engine: Mapa de estados: {2: 'bull', 1: 'sideways', 0: 'bear'}
2026-09-27 23:17:46,594 [INFO] GarimpoInvestimentos.v3.regime_engine:   Estado 2 (bull): 27.4% das obs, retorno médio=0.003696
2026-09-27 23:17:46,594 [INFO] GarimpoInvestimentos.v3.regime_engine:   Estado 1 (sideways): 54.1% das obs, retorno médio=0.000481
2026-09-27 23:17:46,594 [INFO] GarimpoInvestimentos.v3.regime_engine:   Estado 0 (bear): 18.5% das obs, retorno médio=-0.000003
2026-09-27 23:17:46,693 [INFO] __main__: backtest_v3 [BTCUSDT] fold 32: IC=-0.1423 [-0.8551, 0.7368] PSR=0.000 MaxDD=6.01% → INSUFFICIENT_DATA
2026-09-27 23:17:46,693 [INFO] __main__: backtest_v3 [BTCUSDT] fold 33: IS=[990 d, 1170 d), OOS=[1177 d, 1207 d)
2026-09-27 23:17:46,767 [INFO] GarimpoInvestimentos.v3.regime_engine: RegimeEngine treinado com 538 observações.
2026-09-27 23:17:46,767 [INFO] GarimpoInvestimentos.v3.regime_engine: Mapa de estados: {2: 'bull', 0: 'sideways', 1: 'bear'}
2026-09-27 23:17:46,767 [INFO] GarimpoInvestimentos.v3.regime_engine:   Estado 2 (bull): 13.2% das obs, retorno médio=0.005197
2026-09-27 23:17:46,767 [INFO] GarimpoInvestimentos.v3.regime_engine:   Estado 0 (sideways): 37.2% das obs, retorno médio=0.002716
2026-09-27 23:17:46,767 [INFO] GarimpoInvestimentos.v3.regime_engine:   Estado 1 (bear): 49.6% das obs, retorno médio=0.000163
2026-09-27 23:17:46,787 [WARNING] __main__: backtest_v3 fold 33: sem sinais ativos no OOS
2026-09-27 23:17:46,787 [INFO] __main__: backtest_v3 [BTCUSDT] fold 34: IS=[1020 d, 1200 d), OOS=[1207 d, 1237 d)
2026-09-27 23:17:46,830 [INFO] GarimpoInvestimentos.v3.regime_engine: RegimeEngine treinado com 538 observações.
2026-09-27 23:17:46,830 [INFO] GarimpoInvestimentos.v3.regime_engine: Mapa de estados: {1: 'bull', 0: 'sideways', 2: 'bear'}
2026-09-27 23:17:46,830 [INFO] GarimpoInvestimentos.v3.regime_engine:   Estado 1 (bull): 35.7% das obs, retorno médio=0.003106
2026-09-27 23:17:46,830 [INFO] GarimpoInvestimentos.v3.regime_engine:   Estado 0 (sideways): 46.1% das obs, retorno médio=0.000767
2026-09-27 23:17:46,830 [INFO] GarimpoInvestimentos.v3.regime_engine:   Estado 2 (bear): 18.2% das obs, retorno médio=0.000449
2026-09-27 23:17:46,848 [WARNING] __main__: backtest_v3 fold 34: sem sinais ativos no OOS
2026-09-27 23:17:46,848 [INFO] __main__: backtest_v3 [BTCUSDT] fold 35: IS=[1050 d, 1230 d), OOS=[1237 d, 1267 d)
2026-09-27 23:17:46,887 [INFO] GarimpoInvestimentos.v3.regime_engine: RegimeEngine treinado com 538 observações.
2026-09-27 23:17:46,887 [INFO] GarimpoInvestimentos.v3.regime_engine: Mapa de estados: {1: 'bull', 0: 'sideways', 2: 'bear'}
2026-09-27 23:17:46,887 [INFO] GarimpoInvestimentos.v3.regime_engine:   Estado 1 (bull): 34.8% das obs, retorno médio=0.003388
2026-09-27 23:17:46,887 [INFO] GarimpoInvestimentos.v3.regime_engine:   Estado 0 (sideways): 43.7% das obs, retorno médio=0.000201
2026-09-27 23:17:46,888 [INFO] GarimpoInvestimentos.v3.regime_engine:   Estado 2 (bear): 21.6% das obs, retorno médio=-0.001344
2026-09-27 23:17:46,906 [INFO] __main__: backtest_v3 [BTCUSDT] fold 35: IC=0.0000 [0.0000, 0.0000] PSR=0.166 MaxDD=0.56% → INSUFFICIENT_DATA
2026-09-27 23:17:46,906 [INFO] __main__: backtest_v3 [BTCUSDT] fold 36: IS=[1080 d, 1260 d), OOS=[1267 d, 1297 d)
2026-09-27 23:17:46,947 [INFO] GarimpoInvestimentos.v3.regime_engine: RegimeEngine treinado com 538 observações.
2026-09-27 23:17:46,947 [INFO] GarimpoInvestimentos.v3.regime_engine: Mapa de estados: {0: 'bull', 1: 'sideways', 2: 'bear'}
2026-09-27 23:17:46,947 [INFO] GarimpoInvestimentos.v3.regime_engine:   Estado 0 (bull): 45.5% das obs, retorno médio=0.001632
2026-09-27 23:17:46,947 [INFO] GarimpoInvestimentos.v3.regime_engine:   Estado 1 (sideways): 31.8% das obs, retorno médio=0.000585
2026-09-27 23:17:46,947 [INFO] GarimpoInvestimentos.v3.regime_engine:   Estado 2 (bear): 22.7% das obs, retorno médio=-0.000414
2026-09-27 23:17:47,017 [INFO] __main__: backtest_v3 [BTCUSDT] fold 36: IC=0.8000 [-1.0000, 1.0000] PSR=0.266 MaxDD=1.16% → INSUFFICIENT_DATA
2026-09-27 23:17:47,017 [INFO] __main__: backtest_v3 [BTCUSDT] fold 37: IS=[1110 d, 1290 d), OOS=[1297 d, 1327 d)
2026-09-27 23:17:47,067 [INFO] GarimpoInvestimentos.v3.regime_engine: RegimeEngine treinado com 535 observações.
2026-09-27 23:17:47,067 [INFO] GarimpoInvestimentos.v3.regime_engine: Mapa de estados: {0: 'bull', 1: 'sideways', 2: 'bear'}
2026-09-27 23:17:47,067 [INFO] GarimpoInvestimentos.v3.regime_engine:   Estado 0 (bull): 27.9% das obs, retorno médio=0.000886
2026-09-27 23:17:47,067 [INFO] GarimpoInvestimentos.v3.regime_engine:   Estado 1 (sideways): 49.9% das obs, retorno médio=0.000553
2026-09-27 23:17:47,067 [INFO] GarimpoInvestimentos.v3.regime_engine:   Estado 2 (bear): 22.2% das obs, retorno médio=0.000181
2026-09-27 23:17:47,146 [INFO] __main__: backtest_v3 [BTCUSDT] fold 37: IC=0.8286 [0.0000, 1.0000] PSR=0.728 MaxDD=0.52% → INSUFFICIENT_DATA
2026-09-27 23:17:47,146 [INFO] __main__: backtest_v3 [BTCUSDT] fold 38: IS=[1140 d, 1320 d), OOS=[1327 d, 1357 d)
2026-09-27 23:17:47,263 [INFO] GarimpoInvestimentos.v3.regime_engine: RegimeEngine treinado com 532 observações.
2026-09-27 23:17:47,263 [INFO] GarimpoInvestimentos.v3.regime_engine: Mapa de estados: {1: 'bull', 2: 'sideways', 0: 'bear'}
2026-09-27 23:17:47,263 [INFO] GarimpoInvestimentos.v3.regime_engine:   Estado 1 (bull): 25.8% das obs, retorno médio=0.000755
2026-09-27 23:17:47,263 [INFO] GarimpoInvestimentos.v3.regime_engine:   Estado 2 (sideways): 26.3% das obs, retorno médio=-0.000040
2026-09-27 23:17:47,263 [INFO] GarimpoInvestimentos.v3.regime_engine:   Estado 0 (bear): 47.9% das obs, retorno médio=-0.000200
2026-09-27 23:17:47,283 [WARNING] __main__: backtest_v3 fold 38: sem sinais ativos no OOS
2026-09-27 23:17:47,283 [INFO] __main__: backtest_v3 [BTCUSDT] fold 39: IS=[1170 d, 1350 d), OOS=[1357 d, 1387 d)
2026-09-27 23:17:47,354 [INFO] GarimpoInvestimentos.v3.regime_engine: RegimeEngine treinado com 534 observações.
2026-09-27 23:17:47,354 [INFO] GarimpoInvestimentos.v3.regime_engine: Mapa de estados: {1: 'bull', 0: 'sideways', 2: 'bear'}
2026-09-27 23:17:47,354 [INFO] GarimpoInvestimentos.v3.regime_engine:   Estado 1 (bull): 55.8% das obs, retorno médio=0.000647
2026-09-27 23:17:47,354 [INFO] GarimpoInvestimentos.v3.regime_engine:   Estado 0 (sideways): 24.7% das obs, retorno médio=0.000420
2026-09-27 23:17:47,354 [INFO] GarimpoInvestimentos.v3.regime_engine:   Estado 2 (bear): 19.5% das obs, retorno médio=-0.005021
2026-09-27 23:17:47,374 [INFO] __main__: backtest_v3 [BTCUSDT] fold 39: IC=0.0000 [0.0000, 0.0000] PSR=0.020 MaxDD=0.25% → INSUFFICIENT_DATA
2026-09-27 23:17:47,374 [INFO] __main__: backtest_v3 [BTCUSDT] fold 40: IS=[1200 d, 1380 d), OOS=[1387 d, 1417 d)
2026-09-27 23:17:47,429 [INFO] GarimpoInvestimentos.v3.regime_engine: RegimeEngine treinado com 534 observações.
2026-09-27 23:17:47,429 [INFO] GarimpoInvestimentos.v3.regime_engine: Mapa de estados: {0: 'bull', 1: 'sideways', 2: 'bear'}
2026-09-27 23:17:47,429 [INFO] GarimpoInvestimentos.v3.regime_engine:   Estado 0 (bull): 59.2% das obs, retorno médio=0.000212
2026-09-27 23:17:47,429 [INFO] GarimpoInvestimentos.v3.regime_engine:   Estado 1 (sideways): 23.4% das obs, retorno médio=-0.000077
2026-09-27 23:17:47,429 [INFO] GarimpoInvestimentos.v3.regime_engine:   Estado 2 (bear): 17.4% das obs, retorno médio=-0.002019
2026-09-27 23:17:47,450 [INFO] __main__: backtest_v3 [BTCUSDT] fold 40: IC=0.0000 [0.0000, 0.0000] PSR=0.024 MaxDD=1.02% → INSUFFICIENT_DATA
2026-09-27 23:17:47,450 [INFO] __main__: backtest_v3 [BTCUSDT] fold 41: IS=[1230 d, 1410 d), OOS=[1417 d, 1447 d)
2026-09-27 23:17:47,522 [INFO] GarimpoInvestimentos.v3.regime_engine: RegimeEngine treinado com 534 observações.
2026-09-27 23:17:47,522 [INFO] GarimpoInvestimentos.v3.regime_engine: Mapa de estados: {1: 'bull', 2: 'sideways', 0: 'bear'}
2026-09-27 23:17:47,522 [INFO] GarimpoInvestimentos.v3.regime_engine:   Estado 1 (bull): 59.2% das obs, retorno médio=0.000702
2026-09-27 23:17:47,522 [INFO] GarimpoInvestimentos.v3.regime_engine:   Estado 2 (sideways): 26.4% das obs, retorno médio=-0.000015
2026-09-27 23:17:47,522 [INFO] GarimpoInvestimentos.v3.regime_engine:   Estado 0 (bear): 14.4% das obs, retorno médio=-0.000455
2026-09-27 23:17:47,544 [INFO] __main__: backtest_v3 [BTCUSDT] fold 41: IC=0.0000 [0.0000, 0.0000] PSR=0.024 MaxDD=0.02% → INSUFFICIENT_DATA
2026-09-27 23:17:47,544 [INFO] __main__: backtest_v3 [BTCUSDT] fold 42: IS=[1260 d, 1440 d), OOS=[1447 d, 1477 d)
2026-09-27 23:17:47,609 [INFO] GarimpoInvestimentos.v3.regime_engine: RegimeEngine treinado com 534 observações.
2026-09-27 23:17:47,610 [INFO] GarimpoInvestimentos.v3.regime_engine: Mapa de estados: {1: 'bull', 0: 'sideways', 2: 'bear'}
2026-09-27 23:17:47,610 [INFO] GarimpoInvestimentos.v3.regime_engine:   Estado 1 (bull): 49.1% das obs, retorno médio=0.001649
2026-09-27 23:17:47,610 [INFO] GarimpoInvestimentos.v3.regime_engine:   Estado 0 (sideways): 14.4% das obs, retorno médio=-0.000160
2026-09-27 23:17:47,610 [INFO] GarimpoInvestimentos.v3.regime_engine:   Estado 2 (bear): 36.5% das obs, retorno médio=-0.000679
2026-09-27 23:17:47,628 [WARNING] __main__: backtest_v3 fold 42: sem sinais ativos no OOS
2026-09-27 23:17:47,629 [INFO] __main__: backtest_v3 [BTCUSDT] fold 43: IS=[1290 d, 1470 d), OOS=[1477 d, 1507 d)
2026-09-27 23:17:47,679 [INFO] GarimpoInvestimentos.v3.regime_engine: RegimeEngine treinado com 537 observações.
2026-09-27 23:17:47,679 [INFO] GarimpoInvestimentos.v3.regime_engine: Mapa de estados: {1: 'bull', 0: 'sideways', 2: 'bear'}
2026-09-27 23:17:47,679 [INFO] GarimpoInvestimentos.v3.regime_engine:   Estado 1 (bull): 54.7% das obs, retorno médio=0.000975
2026-09-27 23:17:47,679 [INFO] GarimpoInvestimentos.v3.regime_engine:   Estado 0 (sideways): 31.5% das obs, retorno médio=0.000574
2026-09-27 23:17:47,679 [INFO] GarimpoInvestimentos.v3.regime_engine:   Estado 2 (bear): 13.8% das obs, retorno médio=0.000051
2026-09-27 23:17:47,698 [INFO] __main__: backtest_v3 [BTCUSDT] fold 43: IC=0.0000 [0.0000, 0.0000] PSR=0.976 MaxDD=0.00% → INSUFFICIENT_DATA
2026-09-27 23:17:47,698 [INFO] __main__: backtest_v3 [BTCUSDT] fold 44: IS=[1320 d, 1500 d), OOS=[1507 d, 1537 d)
2026-09-27 23:17:47,741 [INFO] GarimpoInvestimentos.v3.regime_engine: RegimeEngine treinado com 540 observações.
2026-09-27 23:17:47,741 [INFO] GarimpoInvestimentos.v3.regime_engine: Mapa de estados: {1: 'bull', 0: 'sideways', 2: 'bear'}
2026-09-27 23:17:47,741 [INFO] GarimpoInvestimentos.v3.regime_engine:   Estado 1 (bull): 55.2% das obs, retorno médio=0.001216
2026-09-27 23:17:47,741 [INFO] GarimpoInvestimentos.v3.regime_engine:   Estado 0 (sideways): 14.6% das obs, retorno médio=0.000687
2026-09-27 23:17:47,741 [INFO] GarimpoInvestimentos.v3.regime_engine:   Estado 2 (bear): 30.2% das obs, retorno médio=0.000423
2026-09-27 23:17:47,761 [INFO] __main__: backtest_v3 [BTCUSDT] fold 44: IC=0.0000 [0.0000, 0.0000] PSR=0.020 MaxDD=2.48% → INSUFFICIENT_DATA
2026-09-27 23:17:47,761 [INFO] __main__: backtest_v3 [BTCUSDT] fold 45: IS=[1350 d, 1530 d), OOS=[1537 d, 1567 d)
2026-09-27 23:17:47,809 [INFO] GarimpoInvestimentos.v3.regime_engine: RegimeEngine treinado com 540 observações.
2026-09-27 23:17:47,809 [INFO] GarimpoInvestimentos.v3.regime_engine: Mapa de estados: {0: 'bull', 2: 'sideways', 1: 'bear'}
2026-09-27 23:17:47,809 [INFO] GarimpoInvestimentos.v3.regime_engine:   Estado 0 (bull): 30.7% das obs, retorno médio=0.002223
2026-09-27 23:17:47,809 [INFO] GarimpoInvestimentos.v3.regime_engine:   Estado 2 (sideways): 35.4% das obs, retorno médio=0.001671
2026-09-27 23:17:47,809 [INFO] GarimpoInvestimentos.v3.regime_engine:   Estado 1 (bear): 33.9% das obs, retorno médio=-0.002037
2026-09-27 23:17:47,828 [INFO] __main__: backtest_v3 [BTCUSDT] fold 45: IC=0.0000 [0.0000, 0.0000] PSR=0.194 MaxDD=1.47% → INSUFFICIENT_DATA
2026-09-27 23:17:47,828 [INFO] __main__: backtest_v3 [BTCUSDT] fold 46: IS=[1380 d, 1560 d), OOS=[1567 d, 1597 d)
2026-09-27 23:17:47,907 [INFO] GarimpoInvestimentos.v3.regime_engine: RegimeEngine treinado com 540 observações.
2026-09-27 23:17:47,908 [INFO] GarimpoInvestimentos.v3.regime_engine: Mapa de estados: {1: 'bull', 2: 'sideways', 0: 'bear'}
2026-09-27 23:17:47,908 [INFO] GarimpoInvestimentos.v3.regime_engine:   Estado 1 (bull): 18.9% das obs, retorno médio=0.008116
2026-09-27 23:17:47,908 [INFO] GarimpoInvestimentos.v3.regime_engine:   Estado 2 (sideways): 61.5% das obs, retorno médio=-0.000356
2026-09-27 23:17:47,908 [INFO] GarimpoInvestimentos.v3.regime_engine:   Estado 0 (bear): 19.6% das obs, retorno médio=-0.004069
2026-09-27 23:17:47,976 [INFO] __main__: backtest_v3 [BTCUSDT] fold 46: IC=0.4000 [-1.0000, 1.0000] PSR=0.009 MaxDD=0.33% → INSUFFICIENT_DATA
2026-09-27 23:17:47,976 [INFO] __main__: backtest_v3 [BTCUSDT] fold 47: IS=[1410 d, 1590 d), OOS=[1597 d, 1627 d)
2026-09-27 23:17:48,065 [INFO] GarimpoInvestimentos.v3.regime_engine: RegimeEngine treinado com 538 observações.
2026-09-27 23:17:48,065 [INFO] GarimpoInvestimentos.v3.regime_engine: Mapa de estados: {1: 'bull', 0: 'sideways', 2: 'bear'}
2026-09-27 23:17:48,065 [INFO] GarimpoInvestimentos.v3.regime_engine:   Estado 1 (bull): 44.4% das obs, retorno médio=0.001114
2026-09-27 23:17:48,065 [INFO] GarimpoInvestimentos.v3.regime_engine:   Estado 0 (sideways): 31.0% das obs, retorno médio=0.000371
2026-09-27 23:17:48,065 [INFO] GarimpoInvestimentos.v3.regime_engine:   Estado 2 (bear): 24.5% das obs, retorno médio=-0.000638
2026-09-27 23:17:48,083 [INFO] __main__: backtest_v3 [BTCUSDT] fold 47: IC=0.0000 [0.0000, 0.0000] PSR=0.949 MaxDD=0.02% → INSUFFICIENT_DATA
2026-09-27 23:17:48,083 [INFO] __main__: backtest_v3 [BTCUSDT] fold 48: IS=[1440 d, 1620 d), OOS=[1627 d, 1657 d)
2026-09-27 23:17:48,125 [INFO] GarimpoInvestimentos.v3.regime_engine: RegimeEngine treinado com 538 observações.
2026-09-27 23:17:48,125 [INFO] GarimpoInvestimentos.v3.regime_engine: Mapa de estados: {0: 'bull', 2: 'sideways', 1: 'bear'}
2026-09-27 23:17:48,125 [INFO] GarimpoInvestimentos.v3.regime_engine:   Estado 0 (bull): 36.2% das obs, retorno médio=0.001452
2026-09-27 23:17:48,125 [INFO] GarimpoInvestimentos.v3.regime_engine:   Estado 2 (sideways): 27.5% das obs, retorno médio=0.000731
2026-09-27 23:17:48,125 [INFO] GarimpoInvestimentos.v3.regime_engine:   Estado 1 (bear): 36.2% das obs, retorno médio=-0.001563
2026-09-27 23:17:48,200 [INFO] __main__: backtest_v3 [BTCUSDT] fold 48: IC=-0.6000 [-1.0000, 0.4545] PSR=0.000 MaxDD=1.22% → INSUFFICIENT_DATA
2026-09-27 23:17:48,200 [INFO] __main__: backtest_v3 [BTCUSDT] fold 49: IS=[1470 d, 1650 d), OOS=[1657 d, 1687 d)
2026-09-27 23:17:48,354 [INFO] GarimpoInvestimentos.v3.regime_engine: RegimeEngine treinado com 537 observações.
2026-09-27 23:17:48,354 [INFO] GarimpoInvestimentos.v3.regime_engine: Mapa de estados: {2: 'bull', 0: 'sideways', 1: 'bear'}
2026-09-27 23:17:48,354 [INFO] GarimpoInvestimentos.v3.regime_engine:   Estado 2 (bull): 27.0% das obs, retorno médio=0.000702
2026-09-27 23:17:48,354 [INFO] GarimpoInvestimentos.v3.regime_engine:   Estado 0 (sideways): 34.8% das obs, retorno médio=0.000416
2026-09-27 23:17:48,354 [INFO] GarimpoInvestimentos.v3.regime_engine:   Estado 1 (bear): 38.2% das obs, retorno médio=-0.000130
2026-09-27 23:17:48,372 [INFO] __main__: backtest_v3 [BTCUSDT] fold 49: IC=0.0000 [0.0000, 0.0000] PSR=0.024 MaxDD=0.08% → INSUFFICIENT_DATA
2026-09-27 23:17:48,372 [INFO] __main__: backtest_v3 [BTCUSDT] fold 50: IS=[1500 d, 1680 d), OOS=[1687 d, 1717 d)
2026-09-27 23:17:48,445 [INFO] GarimpoInvestimentos.v3.regime_engine: RegimeEngine treinado com 537 observações.
2026-09-27 23:17:48,445 [INFO] GarimpoInvestimentos.v3.regime_engine: Mapa de estados: {1: 'bull', 2: 'sideways', 0: 'bear'}
2026-09-27 23:17:48,445 [INFO] GarimpoInvestimentos.v3.regime_engine:   Estado 1 (bull): 35.9% das obs, retorno médio=0.001374
2026-09-27 23:17:48,445 [INFO] GarimpoInvestimentos.v3.regime_engine:   Estado 2 (sideways): 26.1% das obs, retorno médio=0.000839
2026-09-27 23:17:48,445 [INFO] GarimpoInvestimentos.v3.regime_engine:   Estado 0 (bear): 38.0% das obs, retorno médio=-0.000960
2026-09-27 23:17:48,466 [INFO] __main__: backtest_v3 [BTCUSDT] fold 50: IC=0.0000 [0.0000, 0.0000] PSR=0.003 MaxDD=0.66% → INSUFFICIENT_DATA
2026-09-27 23:17:48,467 [INFO] __main__: backtest_v3 [BTCUSDT] fold 51: IS=[1530 d, 1710 d), OOS=[1717 d, 1747 d)
2026-09-27 23:17:48,514 [INFO] GarimpoInvestimentos.v3.regime_engine: RegimeEngine treinado com 538 observações.
2026-09-27 23:17:48,514 [INFO] GarimpoInvestimentos.v3.regime_engine: Mapa de estados: {1: 'bull', 0: 'sideways', 2: 'bear'}
2026-09-27 23:17:48,514 [INFO] GarimpoInvestimentos.v3.regime_engine:   Estado 1 (bull): 11.7% das obs, retorno médio=0.004446
2026-09-27 23:17:48,514 [INFO] GarimpoInvestimentos.v3.regime_engine:   Estado 0 (sideways): 59.7% das obs, retorno médio=0.000157
2026-09-27 23:17:48,514 [INFO] GarimpoInvestimentos.v3.regime_engine:   Estado 2 (bear): 28.6% das obs, retorno médio=0.000024
2026-09-27 23:17:48,532 [INFO] __main__: backtest_v3 [BTCUSDT] fold 51: IC=0.0000 [0.0000, 0.0000] PSR=0.024 MaxDD=0.38% → INSUFFICIENT_DATA
2026-09-27 23:17:48,532 [INFO] __main__: backtest_v3 [BTCUSDT] fold 52: IS=[1560 d, 1740 d), OOS=[1747 d, 1777 d)
2026-09-27 23:17:48,587 [INFO] GarimpoInvestimentos.v3.regime_engine: RegimeEngine treinado com 538 observações.
2026-09-27 23:17:48,587 [INFO] GarimpoInvestimentos.v3.regime_engine: Mapa de estados: {2: 'bull', 1: 'sideways', 0: 'bear'}
2026-09-27 23:17:48,587 [INFO] GarimpoInvestimentos.v3.regime_engine:   Estado 2 (bull): 30.9% das obs, retorno médio=0.001743
2026-09-27 23:17:48,587 [INFO] GarimpoInvestimentos.v3.regime_engine:   Estado 1 (sideways): 26.4% das obs, retorno médio=0.000431
2026-09-27 23:17:48,587 [INFO] GarimpoInvestimentos.v3.regime_engine:   Estado 0 (bear): 42.8% das obs, retorno médio=0.000248
2026-09-27 23:17:48,605 [WARNING] __main__: backtest_v3 fold 52: sem sinais ativos no OOS
2026-09-27 23:17:48,605 [INFO] __main__: backtest_v3 [BTCUSDT] fold 53: IS=[1590 d, 1770 d), OOS=[1777 d, 1807 d)
2026-09-27 23:17:48,736 [INFO] GarimpoInvestimentos.v3.regime_engine: RegimeEngine treinado com 540 observações.
2026-09-27 23:17:48,736 [INFO] GarimpoInvestimentos.v3.regime_engine: Mapa de estados: {1: 'bull', 0: 'sideways', 2: 'bear'}
2026-09-27 23:17:48,736 [INFO] GarimpoInvestimentos.v3.regime_engine:   Estado 1 (bull): 24.4% das obs, retorno médio=0.000899
2026-09-27 23:17:48,736 [INFO] GarimpoInvestimentos.v3.regime_engine:   Estado 0 (sideways): 45.7% das obs, retorno médio=0.000651
2026-09-27 23:17:48,736 [INFO] GarimpoInvestimentos.v3.regime_engine:   Estado 2 (bear): 29.8% das obs, retorno médio=-0.001681
2026-09-27 23:17:48,755 [INFO] __main__: backtest_v3 [BTCUSDT] fold 53: IC=0.0000 [0.0000, 0.0000] PSR=0.483 MaxDD=0.12% → INSUFFICIENT_DATA
2026-09-27 23:17:48,755 [INFO] __main__: backtest_v3 [BTCUSDT] fold 54: IS=[1620 d, 1800 d), OOS=[1807 d, 1837 d)
2026-09-27 23:17:48,910 [INFO] GarimpoInvestimentos.v3.regime_engine: RegimeEngine treinado com 540 observações.
2026-09-27 23:17:48,910 [INFO] GarimpoInvestimentos.v3.regime_engine: Mapa de estados: {1: 'bull', 0: 'sideways', 2: 'bear'}
2026-09-27 23:17:48,910 [INFO] GarimpoInvestimentos.v3.regime_engine:   Estado 1 (bull): 23.7% das obs, retorno médio=0.000892
2026-09-27 23:17:48,910 [INFO] GarimpoInvestimentos.v3.regime_engine:   Estado 0 (sideways): 40.2% das obs, retorno médio=0.000574
2026-09-27 23:17:48,910 [INFO] GarimpoInvestimentos.v3.regime_engine:   Estado 2 (bear): 36.1% das obs, retorno médio=-0.002088
2026-09-27 23:17:48,927 [WARNING] __main__: backtest_v3 fold 54: sem sinais ativos no OOS
2026-09-27 23:17:48,927 [INFO] __main__: backtest_v3 [BTCUSDT] fold 55: IS=[1650 d, 1830 d), OOS=[1837 d, 1867 d)
2026-09-27 23:17:49,031 [INFO] GarimpoInvestimentos.v3.regime_engine: RegimeEngine treinado com 541 observações.
2026-09-27 23:17:49,031 [INFO] GarimpoInvestimentos.v3.regime_engine: Mapa de estados: {1: 'bull', 0: 'sideways', 2: 'bear'}
2026-09-27 23:17:49,031 [INFO] GarimpoInvestimentos.v3.regime_engine:   Estado 1 (bull): 25.0% das obs, retorno médio=0.003373
2026-09-27 23:17:49,031 [INFO] GarimpoInvestimentos.v3.regime_engine:   Estado 0 (sideways): 24.6% das obs, retorno médio=-0.000975
2026-09-27 23:17:49,031 [INFO] GarimpoInvestimentos.v3.regime_engine:   Estado 2 (bear): 50.5% das obs, retorno médio=-0.001808
2026-09-27 23:17:49,050 [INFO] __main__: backtest_v3 [BTCUSDT] fold 55: IC=0.0000 [0.0000, 0.0000] PSR=0.036 MaxDD=0.89% → INSUFFICIENT_DATA
2026-09-27 23:17:49,050 [INFO] __main__: backtest_v3 [BTCUSDT] fold 56: IS=[1680 d, 1860 d), OOS=[1867 d, 1897 d)
2026-09-27 23:17:49,110 [INFO] GarimpoInvestimentos.v3.regime_engine: RegimeEngine treinado com 540 observações.
2026-09-27 23:17:49,111 [INFO] GarimpoInvestimentos.v3.regime_engine: Mapa de estados: {2: 'bull', 1: 'sideways', 0: 'bear'}
2026-09-27 23:17:49,111 [INFO] GarimpoInvestimentos.v3.regime_engine:   Estado 2 (bull): 30.7% das obs, retorno médio=0.000530
2026-09-27 23:17:49,111 [INFO] GarimpoInvestimentos.v3.regime_engine:   Estado 1 (sideways): 50.4% das obs, retorno médio=-0.000375
2026-09-27 23:17:49,111 [INFO] GarimpoInvestimentos.v3.regime_engine:   Estado 0 (bear): 18.9% das obs, retorno médio=-0.003795
2026-09-27 23:17:49,130 [WARNING] __main__: backtest_v3 fold 56: sem sinais ativos no OOS
2026-09-27 23:17:49,130 [INFO] __main__: backtest_v3 [BTCUSDT] fold 57: IS=[1710 d, 1890 d), OOS=[1897 d, 1927 d)
2026-09-27 23:17:49,194 [INFO] GarimpoInvestimentos.v3.regime_engine: RegimeEngine treinado com 540 observações.
2026-09-27 23:17:49,194 [INFO] GarimpoInvestimentos.v3.regime_engine: Mapa de estados: {0: 'bull', 1: 'sideways', 2: 'bear'}
2026-09-27 23:17:49,194 [INFO] GarimpoInvestimentos.v3.regime_engine:   Estado 0 (bull): 29.8% das obs, retorno médio=0.000792
2026-09-27 23:17:49,194 [INFO] GarimpoInvestimentos.v3.regime_engine:   Estado 1 (sideways): 44.8% das obs, retorno médio=-0.000465
2026-09-27 23:17:49,194 [INFO] GarimpoInvestimentos.v3.regime_engine:   Estado 2 (bear): 25.4% das obs, retorno médio=-0.003329
2026-09-27 23:17:49,212 [INFO] __main__: backtest_v3 [BTCUSDT] fold 57: IC=0.0000 [0.0000, 0.0000] PSR=0.024 MaxDD=0.00% → INSUFFICIENT_DATA
2026-09-27 23:17:49,212 [INFO] __main__: backtest_v3 [BTCUSDT] fold 58: IS=[1740 d, 1920 d), OOS=[1927 d, 1957 d)
2026-09-27 23:17:49,258 [INFO] GarimpoInvestimentos.v3.regime_engine: RegimeEngine treinado com 539 observações.
2026-09-27 23:17:49,258 [INFO] GarimpoInvestimentos.v3.regime_engine: Mapa de estados: {0: 'bull', 1: 'sideways', 2: 'bear'}
2026-09-27 23:17:49,258 [INFO] GarimpoInvestimentos.v3.regime_engine:   Estado 0 (bull): 24.3% das obs, retorno médio=0.001025
2026-09-27 23:17:49,258 [INFO] GarimpoInvestimentos.v3.regime_engine:   Estado 1 (sideways): 48.4% das obs, retorno médio=-0.001482
2026-09-27 23:17:49,258 [INFO] GarimpoInvestimentos.v3.regime_engine:   Estado 2 (bear): 27.3% das obs, retorno médio=-0.002467
2026-09-27 23:17:49,277 [INFO] __main__: backtest_v3 [BTCUSDT] fold 58: IC=0.0000 [0.0000, 0.0000] PSR=0.413 MaxDD=0.06% → INSUFFICIENT_DATA
2026-09-27 23:17:49,277 [INFO] __main__: backtest_v3 [BTCUSDT] fold 59: IS=[1770 d, 1950 d), OOS=[1957 d, 1987 d)
2026-09-27 23:17:49,336 [INFO] GarimpoInvestimentos.v3.regime_engine: RegimeEngine treinado com 540 observações.
2026-09-27 23:17:49,336 [INFO] GarimpoInvestimentos.v3.regime_engine: Mapa de estados: {2: 'bull', 0: 'sideways', 1: 'bear'}
2026-09-27 23:17:49,336 [INFO] GarimpoInvestimentos.v3.regime_engine:   Estado 2 (bull): 26.7% das obs, retorno médio=0.000664
2026-09-27 23:17:49,336 [INFO] GarimpoInvestimentos.v3.regime_engine:   Estado 0 (sideways): 24.4% das obs, retorno médio=-0.000711
2026-09-27 23:17:49,337 [INFO] GarimpoInvestimentos.v3.regime_engine:   Estado 1 (bear): 48.9% das obs, retorno médio=-0.001003
2026-09-27 23:17:49,355 [INFO] __main__: backtest_v3 [BTCUSDT] fold 59: IC=0.0000 [0.0000, 0.0000] PSR=0.976 MaxDD=0.00% → INSUFFICIENT_DATA
2026-09-27 23:17:49,355 [INFO] __main__: backtest_v3 [BTCUSDT] fold 60: IS=[1800 d, 1980 d), OOS=[1987 d, 2017 d)
2026-09-27 23:17:49,404 [INFO] GarimpoInvestimentos.v3.regime_engine: RegimeEngine treinado com 539 observações.
2026-09-27 23:17:49,404 [INFO] GarimpoInvestimentos.v3.regime_engine: Mapa de estados: {0: 'bull', 2: 'sideways', 1: 'bear'}
2026-09-27 23:17:49,404 [INFO] GarimpoInvestimentos.v3.regime_engine:   Estado 0 (bull): 34.3% das obs, retorno médio=0.000429
2026-09-27 23:17:49,404 [INFO] GarimpoInvestimentos.v3.regime_engine:   Estado 2 (sideways): 20.2% das obs, retorno médio=0.000054
2026-09-27 23:17:49,404 [INFO] GarimpoInvestimentos.v3.regime_engine:   Estado 1 (bear): 45.5% das obs, retorno médio=-0.001579
2026-09-27 23:17:49,423 [INFO] __main__: backtest_v3 [BTCUSDT] fold 60: IC=0.0000 [0.0000, 0.0000] PSR=0.000 MaxDD=0.87% → INSUFFICIENT_DATA
2026-09-27 23:17:49,423 [INFO] __main__: backtest_v3 [BTCUSDT] fold 61: IS=[1830 d, 2010 d), OOS=[2017 d, 2047 d)
2026-09-27 23:17:49,454 [INFO] GarimpoInvestimentos.v3.regime_engine: RegimeEngine treinado com 540 observações.
2026-09-27 23:17:49,455 [INFO] GarimpoInvestimentos.v3.regime_engine: Mapa de estados: {0: 'bull', 1: 'sideways', 2: 'bear'}
2026-09-27 23:17:49,455 [INFO] GarimpoInvestimentos.v3.regime_engine:   Estado 0 (bull): 31.5% das obs, retorno médio=0.000175
2026-09-27 23:17:49,455 [INFO] GarimpoInvestimentos.v3.regime_engine:   Estado 1 (sideways): 46.9% das obs, retorno médio=-0.001043
2026-09-27 23:17:49,455 [INFO] GarimpoInvestimentos.v3.regime_engine:   Estado 2 (bear): 21.7% das obs, retorno médio=-0.001248
2026-09-27 23:17:49,472 [INFO] __main__: backtest_v3 [BTCUSDT] fold 61: IC=0.0000 [0.0000, 0.0000] PSR=0.976 MaxDD=0.00% → INSUFFICIENT_DATA
2026-09-27 23:17:52,664 [INFO] __main__: ============================================================
2026-09-27 23:17:52,664 [INFO] __main__: WFA RESULTADO FINAL — BTCUSDT (fr_window=90, kelly=1.00)
2026-09-27 23:17:52,664 [INFO] __main__: ============================================================
2026-09-27 23:17:52,664 [INFO] __main__: Folds: 45 | GO: 0 | NO-GO: 1
2026-09-27 23:17:52,664 [INFO] __main__: PSR agregado   : 0.1779 (threshold: 0.80)
2026-09-27 23:17:52,664 [INFO] __main__: IC Spearman    : 0.0644  CI_lower: -0.1195
2026-09-27 23:17:52,664 [INFO] __main__: Max Drawdown   : 14.33%  (threshold: 20%)
2026-09-27 23:17:52,664 [INFO] __main__: Sharpe agregado: -0.9220
2026-09-27 23:17:52,664 [INFO] __main__: Sortino/Calmar : -1.2444 / -0.5049 (sobre a curva de equity com netting)
2026-09-27 23:17:52,664 [INFO] __main__: Retorno medio  : bruto -0.000003 -> LIQUIDO -0.000057 por sinal (fee 10bps + slip + funding real)
2026-09-27 23:17:52,664 [INFO] __main__: IC95 liq. medio: [-0.000209, 0.000090]  — cruza zero
2026-09-27 23:17:52,664 [INFO] __main__: Gate econômico : DESATIVADO | min_n=20 | edge líquido mínimo=0.0000
2026-09-27 23:17:52,664 [INFO] __main__: ────────────────────────────────────────────────────────────
2026-09-27 23:17:52,664 [INFO] __main__: VEREDICTO: NO-GO
2026-09-27 23:17:52,664 [INFO] __main__: RAZÃO    : PSR=0.178 < 0.80; IC_CI_lower=-0.1195 ≤ 0
2026-09-27 23:17:52,664 [INFO] __main__: ============================================================
2026-09-27 23:17:52,664 [INFO] __main__: → Critérios não atendidos. Fase 2 BLOQUEADA. Pivot de pesquisa necessário.
