2026-09-27 23:11:33,403 [INFO] __main__: backtest_v3 [BTCUSDT]: 6207 registros de funding, 2068 dias totais
2026-09-27 23:14:12,997 [WARNING] GarimpoInvestimentos.v3.feature_builder: feature_builder [BTCUSDT]: 21/6207 timestamps descartados por dados ausentes
2026-09-27 23:14:12,997 [INFO] GarimpoInvestimentos.v3.feature_builder: feature_builder [BTCUSDT]: 6096 FeatureVectors construídos
2026-09-27 23:14:12,997 [INFO] __main__: backtest_v3 [BTCUSDT]: fr_window=90, kelly=1.00
2026-09-27 23:14:12,997 [INFO] __main__: backtest_v3 [BTCUSDT]: 6096 feature vectors (série contínua)
2026-09-27 23:14:12,997 [INFO] __main__: backtest_v3 [BTCUSDT] fold 0: IS=[0 d, 180 d), OOS=[187 d, 217 d)
2026-09-27 23:14:15,515 [INFO] GarimpoInvestimentos.v3.regime_engine: RegimeEngine treinado com 444 observações.
2026-09-27 23:14:15,515 [INFO] GarimpoInvestimentos.v3.regime_engine: Mapa de estados: {2: 'bull', 1: 'sideways', 0: 'bear'}
2026-09-27 23:14:15,515 [INFO] GarimpoInvestimentos.v3.regime_engine:   Estado 2 (bull): 36.9% das obs, retorno médio=0.002823
2026-09-27 23:14:15,515 [INFO] GarimpoInvestimentos.v3.regime_engine:   Estado 1 (sideways): 43.7% das obs, retorno médio=0.000672
2026-09-27 23:14:15,515 [INFO] GarimpoInvestimentos.v3.regime_engine:   Estado 0 (bear): 19.4% das obs, retorno médio=-0.006597
2026-09-27 23:14:15,549 [WARNING] __main__: backtest_v3 fold 0: sem sinais ativos no OOS
2026-09-27 23:14:15,549 [INFO] __main__: backtest_v3 [BTCUSDT] fold 1: IS=[30 d, 210 d), OOS=[217 d, 247 d)
2026-09-27 23:14:16,167 [INFO] GarimpoInvestimentos.v3.regime_engine: RegimeEngine treinado com 534 observações.
2026-09-27 23:14:16,167 [INFO] GarimpoInvestimentos.v3.regime_engine: Mapa de estados: {1: 'bull', 0: 'sideways', 2: 'bear'}
2026-09-27 23:14:16,167 [INFO] GarimpoInvestimentos.v3.regime_engine:   Estado 1 (bull): 32.0% das obs, retorno médio=0.000977
2026-09-27 23:14:16,167 [INFO] GarimpoInvestimentos.v3.regime_engine:   Estado 0 (sideways): 46.8% das obs, retorno médio=0.000705
2026-09-27 23:14:16,167 [INFO] GarimpoInvestimentos.v3.regime_engine:   Estado 2 (bear): 21.2% das obs, retorno médio=-0.001951
2026-09-27 23:14:16,319 [INFO] __main__: backtest_v3 [BTCUSDT] fold 1: IC=-0.4762 [-1.0000, 0.5190] PSR=0.018 MaxDD=2.53% → INSUFFICIENT_DATA
2026-09-27 23:14:16,320 [INFO] __main__: backtest_v3 [BTCUSDT] fold 2: IS=[60 d, 240 d), OOS=[247 d, 277 d)
2026-09-27 23:14:16,513 [INFO] GarimpoInvestimentos.v3.regime_engine: RegimeEngine treinado com 536 observações.
2026-09-27 23:14:16,513 [INFO] GarimpoInvestimentos.v3.regime_engine: Mapa de estados: {1: 'bull', 2: 'sideways', 0: 'bear'}
2026-09-27 23:14:16,513 [INFO] GarimpoInvestimentos.v3.regime_engine:   Estado 1 (bull): 35.8% das obs, retorno médio=0.001293
2026-09-27 23:14:16,513 [INFO] GarimpoInvestimentos.v3.regime_engine:   Estado 2 (sideways): 55.8% das obs, retorno médio=0.000796
2026-09-27 23:14:16,513 [INFO] GarimpoInvestimentos.v3.regime_engine:   Estado 0 (bear): 8.4% das obs, retorno médio=-0.011276
2026-09-27 23:14:16,548 [INFO] __main__: backtest_v3 [BTCUSDT] fold 2: IC=0.0000 [0.0000, 0.0000] PSR=0.003 MaxDD=1.81% → INSUFFICIENT_DATA
2026-09-27 23:14:16,548 [INFO] __main__: backtest_v3 [BTCUSDT] fold 3: IS=[90 d, 270 d), OOS=[277 d, 307 d)
2026-09-27 23:14:17,389 [INFO] GarimpoInvestimentos.v3.regime_engine: RegimeEngine treinado com 537 observações.
2026-09-27 23:14:17,389 [INFO] GarimpoInvestimentos.v3.regime_engine: Mapa de estados: {1: 'bull', 0: 'sideways', 2: 'bear'}
2026-09-27 23:14:17,389 [INFO] GarimpoInvestimentos.v3.regime_engine:   Estado 1 (bull): 25.5% das obs, retorno médio=0.000656
2026-09-27 23:14:17,389 [INFO] GarimpoInvestimentos.v3.regime_engine:   Estado 0 (sideways): 52.5% das obs, retorno médio=0.000052
2026-09-27 23:14:17,389 [INFO] GarimpoInvestimentos.v3.regime_engine:   Estado 2 (bear): 22.0% das obs, retorno médio=-0.003842
2026-09-27 23:14:17,580 [INFO] __main__: backtest_v3 [BTCUSDT] fold 3: IC=0.0242 [-0.4369, 0.4878] PSR=0.713 MaxDD=2.13% → NO-GO
2026-09-27 23:14:17,580 [INFO] __main__: backtest_v3 [BTCUSDT] fold 4: IS=[120 d, 300 d), OOS=[307 d, 337 d)
2026-09-27 23:14:18,475 [INFO] GarimpoInvestimentos.v3.regime_engine: RegimeEngine treinado com 536 observações.
2026-09-27 23:14:18,475 [INFO] GarimpoInvestimentos.v3.regime_engine: Mapa de estados: {0: 'bull', 1: 'sideways', 2: 'bear'}
2026-09-27 23:14:18,475 [INFO] GarimpoInvestimentos.v3.regime_engine:   Estado 0 (bull): 23.7% das obs, retorno médio=0.002802
2026-09-27 23:14:18,475 [INFO] GarimpoInvestimentos.v3.regime_engine:   Estado 1 (sideways): 58.2% das obs, retorno médio=0.000369
2026-09-27 23:14:18,475 [INFO] GarimpoInvestimentos.v3.regime_engine:   Estado 2 (bear): 18.1% das obs, retorno médio=-0.004764
2026-09-27 23:14:18,511 [INFO] __main__: backtest_v3 [BTCUSDT] fold 4: IC=0.0000 [0.0000, 0.0000] PSR=0.399 MaxDD=0.43% → INSUFFICIENT_DATA
2026-09-27 23:14:18,511 [INFO] __main__: backtest_v3 [BTCUSDT] fold 5: IS=[150 d, 330 d), OOS=[337 d, 367 d)
2026-09-27 23:14:19,094 [INFO] GarimpoInvestimentos.v3.regime_engine: RegimeEngine treinado com 536 observações.
2026-09-27 23:14:19,094 [INFO] GarimpoInvestimentos.v3.regime_engine: Mapa de estados: {2: 'bull', 1: 'sideways', 0: 'bear'}
2026-09-27 23:14:19,094 [INFO] GarimpoInvestimentos.v3.regime_engine:   Estado 2 (bull): 22.2% das obs, retorno médio=0.001856
2026-09-27 23:14:19,094 [INFO] GarimpoInvestimentos.v3.regime_engine:   Estado 1 (sideways): 40.5% das obs, retorno médio=0.000456
2026-09-27 23:14:19,094 [INFO] GarimpoInvestimentos.v3.regime_engine:   Estado 0 (bear): 37.3% das obs, retorno médio=0.000437
2026-09-27 23:14:19,129 [WARNING] __main__: backtest_v3 fold 5: sem sinais ativos no OOS
2026-09-27 23:14:19,130 [INFO] __main__: backtest_v3 [BTCUSDT] fold 6: IS=[180 d, 360 d), OOS=[367 d, 397 d)
2026-09-27 23:14:19,496 [INFO] GarimpoInvestimentos.v3.regime_engine: RegimeEngine treinado com 538 observações.
2026-09-27 23:14:19,497 [INFO] GarimpoInvestimentos.v3.regime_engine: Mapa de estados: {2: 'bull', 1: 'sideways', 0: 'bear'}
2026-09-27 23:14:19,497 [INFO] GarimpoInvestimentos.v3.regime_engine:   Estado 2 (bull): 8.2% das obs, retorno médio=0.002530
2026-09-27 23:14:19,497 [INFO] GarimpoInvestimentos.v3.regime_engine:   Estado 1 (sideways): 45.9% das obs, retorno médio=0.000940
2026-09-27 23:14:19,497 [INFO] GarimpoInvestimentos.v3.regime_engine:   Estado 0 (bear): 45.9% das obs, retorno médio=-0.000150
2026-09-27 23:14:19,631 [INFO] __main__: backtest_v3 [BTCUSDT] fold 6: IC=0.2000 [-1.0000, 1.0000] PSR=0.632 MaxDD=0.44% → INSUFFICIENT_DATA
2026-09-27 23:14:19,631 [INFO] __main__: backtest_v3 [BTCUSDT] fold 7: IS=[210 d, 390 d), OOS=[397 d, 427 d)
2026-09-27 23:14:20,046 [INFO] GarimpoInvestimentos.v3.regime_engine: RegimeEngine treinado com 539 observações.
2026-09-27 23:14:20,047 [INFO] GarimpoInvestimentos.v3.regime_engine: Mapa de estados: {0: 'bull', 1: 'sideways', 2: 'bear'}
2026-09-27 23:14:20,047 [INFO] GarimpoInvestimentos.v3.regime_engine:   Estado 0 (bull): 40.1% das obs, retorno médio=0.000927
2026-09-27 23:14:20,047 [INFO] GarimpoInvestimentos.v3.regime_engine:   Estado 1 (sideways): 50.5% das obs, retorno médio=-0.000429
2026-09-27 23:14:20,047 [INFO] GarimpoInvestimentos.v3.regime_engine:   Estado 2 (bear): 9.5% das obs, retorno médio=-0.003482
2026-09-27 23:14:20,081 [WARNING] __main__: backtest_v3 fold 7: sem sinais ativos no OOS
2026-09-27 23:14:20,081 [INFO] __main__: backtest_v3 [BTCUSDT] fold 8: IS=[240 d, 420 d), OOS=[427 d, 457 d)
2026-09-27 23:14:21,037 [INFO] GarimpoInvestimentos.v3.regime_engine: RegimeEngine treinado com 538 observações.
2026-09-27 23:14:21,037 [INFO] GarimpoInvestimentos.v3.regime_engine: Mapa de estados: {0: 'bull', 1: 'sideways', 2: 'bear'}
2026-09-27 23:14:21,037 [INFO] GarimpoInvestimentos.v3.regime_engine:   Estado 0 (bull): 42.8% das obs, retorno médio=0.001306
2026-09-27 23:14:21,037 [INFO] GarimpoInvestimentos.v3.regime_engine:   Estado 1 (sideways): 46.5% das obs, retorno médio=-0.000622
2026-09-27 23:14:21,037 [INFO] GarimpoInvestimentos.v3.regime_engine:   Estado 2 (bear): 10.8% das obs, retorno médio=-0.006974
2026-09-27 23:14:21,078 [WARNING] __main__: backtest_v3 fold 8: sem sinais ativos no OOS
2026-09-27 23:14:21,078 [INFO] __main__: backtest_v3 [BTCUSDT] fold 9: IS=[270 d, 450 d), OOS=[457 d, 487 d)
2026-09-27 23:14:21,435 [INFO] GarimpoInvestimentos.v3.regime_engine: RegimeEngine treinado com 534 observações.
2026-09-27 23:14:21,435 [INFO] GarimpoInvestimentos.v3.regime_engine: Mapa de estados: {0: 'bull', 2: 'sideways', 1: 'bear'}
2026-09-27 23:14:21,435 [INFO] GarimpoInvestimentos.v3.regime_engine:   Estado 0 (bull): 35.0% das obs, retorno médio=0.001395
2026-09-27 23:14:21,435 [INFO] GarimpoInvestimentos.v3.regime_engine:   Estado 2 (sideways): 10.5% das obs, retorno médio=0.001117
2026-09-27 23:14:21,436 [INFO] GarimpoInvestimentos.v3.regime_engine:   Estado 1 (bear): 54.5% das obs, retorno médio=-0.001062
2026-09-27 23:14:21,573 [INFO] __main__: backtest_v3 [BTCUSDT] fold 9: IC=0.1000 [-1.0000, 1.0000] PSR=0.855 MaxDD=0.65% → INSUFFICIENT_DATA
2026-09-27 23:14:21,573 [INFO] __main__: backtest_v3 [BTCUSDT] fold 10: IS=[300 d, 480 d), OOS=[487 d, 517 d)
2026-09-27 23:14:22,078 [INFO] GarimpoInvestimentos.v3.regime_engine: RegimeEngine treinado com 537 observações.
2026-09-27 23:14:22,078 [INFO] GarimpoInvestimentos.v3.regime_engine: Mapa de estados: {0: 'bull', 1: 'sideways', 2: 'bear'}
2026-09-27 23:14:22,078 [INFO] GarimpoInvestimentos.v3.regime_engine:   Estado 0 (bull): 38.5% das obs, retorno médio=-0.000026
2026-09-27 23:14:22,078 [INFO] GarimpoInvestimentos.v3.regime_engine:   Estado 1 (sideways): 51.8% das obs, retorno médio=-0.000930
2026-09-27 23:14:22,078 [INFO] GarimpoInvestimentos.v3.regime_engine:   Estado 2 (bear): 9.7% das obs, retorno médio=-0.003167
2026-09-27 23:14:22,126 [WARNING] __main__: backtest_v3 fold 10: sem sinais ativos no OOS
2026-09-27 23:14:22,126 [INFO] __main__: backtest_v3 [BTCUSDT] fold 11: IS=[330 d, 510 d), OOS=[517 d, 547 d)
2026-09-27 23:14:22,497 [INFO] GarimpoInvestimentos.v3.regime_engine: RegimeEngine treinado com 537 observações.
2026-09-27 23:14:22,498 [INFO] GarimpoInvestimentos.v3.regime_engine: Mapa de estados: {0: 'bull', 1: 'sideways', 2: 'bear'}
2026-09-27 23:14:22,498 [INFO] GarimpoInvestimentos.v3.regime_engine:   Estado 0 (bull): 41.7% das obs, retorno médio=0.000555
2026-09-27 23:14:22,498 [INFO] GarimpoInvestimentos.v3.regime_engine:   Estado 1 (sideways): 45.8% das obs, retorno médio=-0.001906
2026-09-27 23:14:22,498 [INFO] GarimpoInvestimentos.v3.regime_engine:   Estado 2 (bear): 12.5% das obs, retorno médio=-0.004163
2026-09-27 23:14:22,531 [INFO] __main__: backtest_v3 [BTCUSDT] fold 11: IC=0.0000 [0.0000, 0.0000] PSR=0.005 MaxDD=3.58% → INSUFFICIENT_DATA
2026-09-27 23:14:22,531 [INFO] __main__: backtest_v3 [BTCUSDT] fold 12: IS=[360 d, 540 d), OOS=[547 d, 577 d)
2026-09-27 23:14:22,826 [INFO] GarimpoInvestimentos.v3.regime_engine: RegimeEngine treinado com 538 observações.
2026-09-27 23:14:22,826 [INFO] GarimpoInvestimentos.v3.regime_engine: Mapa de estados: {0: 'bull', 1: 'sideways', 2: 'bear'}
2026-09-27 23:14:22,826 [INFO] GarimpoInvestimentos.v3.regime_engine:   Estado 0 (bull): 37.2% das obs, retorno médio=0.000272
2026-09-27 23:14:22,826 [INFO] GarimpoInvestimentos.v3.regime_engine:   Estado 1 (sideways): 42.4% das obs, retorno médio=-0.001521
2026-09-27 23:14:22,826 [INFO] GarimpoInvestimentos.v3.regime_engine:   Estado 2 (bear): 20.4% das obs, retorno médio=-0.005290
2026-09-27 23:14:22,869 [WARNING] __main__: backtest_v3 fold 12: sem sinais ativos no OOS
2026-09-27 23:14:22,869 [INFO] __main__: backtest_v3 [BTCUSDT] fold 13: IS=[390 d, 570 d), OOS=[577 d, 607 d)
2026-09-27 23:14:23,614 [INFO] GarimpoInvestimentos.v3.regime_engine: RegimeEngine treinado com 537 observações.
2026-09-27 23:14:23,614 [INFO] GarimpoInvestimentos.v3.regime_engine: Mapa de estados: {0: 'bull', 2: 'sideways', 1: 'bear'}
2026-09-27 23:14:23,614 [INFO] GarimpoInvestimentos.v3.regime_engine:   Estado 0 (bull): 33.9% das obs, retorno médio=0.008646
2026-09-27 23:14:23,614 [INFO] GarimpoInvestimentos.v3.regime_engine:   Estado 2 (sideways): 27.4% das obs, retorno médio=-0.001419
2026-09-27 23:14:23,614 [INFO] GarimpoInvestimentos.v3.regime_engine:   Estado 1 (bear): 38.7% das obs, retorno médio=-0.009013
2026-09-27 23:14:23,645 [INFO] __main__: backtest_v3 [BTCUSDT] fold 13: IC=0.0000 [0.0000, 0.0000] PSR=0.824 MaxDD=0.12% → INSUFFICIENT_DATA
2026-09-27 23:14:23,645 [INFO] __main__: backtest_v3 [BTCUSDT] fold 14: IS=[420 d, 600 d), OOS=[607 d, 637 d)
2026-09-27 23:14:24,020 [INFO] GarimpoInvestimentos.v3.regime_engine: RegimeEngine treinado com 536 observações.
2026-09-27 23:14:24,021 [INFO] GarimpoInvestimentos.v3.regime_engine: Mapa de estados: {0: 'bull', 1: 'sideways', 2: 'bear'}
2026-09-27 23:14:24,021 [INFO] GarimpoInvestimentos.v3.regime_engine:   Estado 0 (bull): 38.1% das obs, retorno médio=-0.000317
2026-09-27 23:14:24,021 [INFO] GarimpoInvestimentos.v3.regime_engine:   Estado 1 (sideways): 40.7% das obs, retorno médio=-0.001600
2026-09-27 23:14:24,021 [INFO] GarimpoInvestimentos.v3.regime_engine:   Estado 2 (bear): 21.3% das obs, retorno médio=-0.001603
2026-09-27 23:14:24,053 [WARNING] __main__: backtest_v3 fold 14: sem sinais ativos no OOS
2026-09-27 23:14:24,053 [INFO] __main__: backtest_v3 [BTCUSDT] fold 15: IS=[450 d, 630 d), OOS=[637 d, 667 d)
2026-09-27 23:14:24,598 [INFO] GarimpoInvestimentos.v3.regime_engine: RegimeEngine treinado com 540 observações.
2026-09-27 23:14:24,598 [INFO] GarimpoInvestimentos.v3.regime_engine: Mapa de estados: {1: 'bull', 0: 'sideways', 2: 'bear'}
2026-09-27 23:14:24,598 [INFO] GarimpoInvestimentos.v3.regime_engine:   Estado 1 (bull): 38.7% das obs, retorno médio=-0.000369
2026-09-27 23:14:24,598 [INFO] GarimpoInvestimentos.v3.regime_engine:   Estado 0 (sideways): 38.7% das obs, retorno médio=-0.002057
2026-09-27 23:14:24,598 [INFO] GarimpoInvestimentos.v3.regime_engine:   Estado 2 (bear): 22.6% das obs, retorno médio=-0.002771
2026-09-27 23:14:24,642 [WARNING] __main__: backtest_v3 fold 15: sem sinais ativos no OOS
2026-09-27 23:14:24,642 [INFO] __main__: backtest_v3 [BTCUSDT] fold 16: IS=[480 d, 660 d), OOS=[667 d, 697 d)
2026-09-27 23:14:25,510 [INFO] GarimpoInvestimentos.v3.regime_engine: RegimeEngine treinado com 540 observações.
2026-09-27 23:14:25,510 [INFO] GarimpoInvestimentos.v3.regime_engine: Mapa de estados: {2: 'bull', 0: 'sideways', 1: 'bear'}
2026-09-27 23:14:25,510 [INFO] GarimpoInvestimentos.v3.regime_engine:   Estado 2 (bull): 25.9% das obs, retorno médio=0.001181
2026-09-27 23:14:25,510 [INFO] GarimpoInvestimentos.v3.regime_engine:   Estado 0 (sideways): 68.0% das obs, retorno médio=0.000624
2026-09-27 23:14:25,510 [INFO] GarimpoInvestimentos.v3.regime_engine:   Estado 1 (bear): 6.1% das obs, retorno médio=-0.033347
2026-09-27 23:14:25,558 [WARNING] __main__: backtest_v3 fold 16: sem sinais ativos no OOS
2026-09-27 23:14:25,558 [INFO] __main__: backtest_v3 [BTCUSDT] fold 17: IS=[510 d, 690 d), OOS=[697 d, 727 d)
2026-09-27 23:14:26,237 [INFO] GarimpoInvestimentos.v3.regime_engine: RegimeEngine treinado com 541 observações.
2026-09-27 23:14:26,237 [INFO] GarimpoInvestimentos.v3.regime_engine: Mapa de estados: {0: 'bull', 1: 'sideways', 2: 'bear'}
2026-09-27 23:14:26,238 [INFO] GarimpoInvestimentos.v3.regime_engine:   Estado 0 (bull): 34.4% das obs, retorno médio=-0.000557
2026-09-27 23:14:26,238 [INFO] GarimpoInvestimentos.v3.regime_engine:   Estado 1 (sideways): 42.3% das obs, retorno médio=-0.000774
2026-09-27 23:14:26,238 [INFO] GarimpoInvestimentos.v3.regime_engine:   Estado 2 (bear): 23.3% das obs, retorno médio=-0.002771
2026-09-27 23:14:26,287 [WARNING] __main__: backtest_v3 fold 17: sem sinais ativos no OOS
2026-09-27 23:14:26,287 [INFO] __main__: backtest_v3 [BTCUSDT] fold 18: IS=[540 d, 720 d), OOS=[727 d, 757 d)
2026-09-27 23:14:26,702 [INFO] GarimpoInvestimentos.v3.regime_engine: RegimeEngine treinado com 539 observações.
2026-09-27 23:14:26,702 [INFO] GarimpoInvestimentos.v3.regime_engine: Mapa de estados: {1: 'bull', 2: 'sideways', 0: 'bear'}
2026-09-27 23:14:26,702 [INFO] GarimpoInvestimentos.v3.regime_engine:   Estado 1 (bull): 50.1% das obs, retorno médio=-0.000317
2026-09-27 23:14:26,702 [INFO] GarimpoInvestimentos.v3.regime_engine:   Estado 2 (sideways): 15.6% das obs, retorno médio=-0.000460
2026-09-27 23:14:26,702 [INFO] GarimpoInvestimentos.v3.regime_engine:   Estado 0 (bear): 34.3% das obs, retorno médio=-0.000575
2026-09-27 23:14:26,735 [INFO] __main__: backtest_v3 [BTCUSDT] fold 18: IC=0.0000 [0.0000, 0.0000] PSR=0.024 MaxDD=0.09% → INSUFFICIENT_DATA
2026-09-27 23:14:26,735 [INFO] __main__: backtest_v3 [BTCUSDT] fold 19: IS=[570 d, 750 d), OOS=[757 d, 787 d)
2026-09-27 23:14:27,036 [INFO] GarimpoInvestimentos.v3.regime_engine: RegimeEngine treinado com 539 observações.
2026-09-27 23:14:27,036 [INFO] GarimpoInvestimentos.v3.regime_engine: Mapa de estados: {1: 'bull', 2: 'sideways', 0: 'bear'}
2026-09-27 23:14:27,036 [INFO] GarimpoInvestimentos.v3.regime_engine:   Estado 1 (bull): 48.6% das obs, retorno médio=-0.000069
2026-09-27 23:14:27,036 [INFO] GarimpoInvestimentos.v3.regime_engine:   Estado 2 (sideways): 22.6% das obs, retorno médio=-0.000151
2026-09-27 23:14:27,036 [INFO] GarimpoInvestimentos.v3.regime_engine:   Estado 0 (bear): 28.8% das obs, retorno médio=-0.000189
2026-09-27 23:14:27,071 [INFO] __main__: backtest_v3 [BTCUSDT] fold 19: IC=0.0000 [0.0000, 0.0000] PSR=0.976 MaxDD=0.00% → INSUFFICIENT_DATA
2026-09-27 23:14:27,071 [INFO] __main__: backtest_v3 [BTCUSDT] fold 20: IS=[600 d, 780 d), OOS=[787 d, 817 d)
2026-09-27 23:14:27,991 [INFO] GarimpoInvestimentos.v3.regime_engine: RegimeEngine treinado com 540 observações.
2026-09-27 23:14:27,991 [INFO] GarimpoInvestimentos.v3.regime_engine: Mapa de estados: {2: 'bull', 0: 'sideways', 1: 'bear'}
2026-09-27 23:14:27,991 [INFO] GarimpoInvestimentos.v3.regime_engine:   Estado 2 (bull): 20.2% das obs, retorno médio=0.002300
2026-09-27 23:14:27,991 [INFO] GarimpoInvestimentos.v3.regime_engine:   Estado 0 (sideways): 30.2% das obs, retorno médio=-0.000079
2026-09-27 23:14:27,991 [INFO] GarimpoInvestimentos.v3.regime_engine:   Estado 1 (bear): 49.6% das obs, retorno médio=-0.000332
2026-09-27 23:14:28,135 [INFO] __main__: backtest_v3 [BTCUSDT] fold 20: IC=1.0000 [1.0000, 1.0000] PSR=0.988 MaxDD=0.41% → INSUFFICIENT_DATA
2026-09-27 23:14:28,135 [INFO] __main__: backtest_v3 [BTCUSDT] fold 21: IS=[630 d, 810 d), OOS=[817 d, 847 d)
2026-09-27 23:14:28,399 [WARNING] hmmlearn.base: Model is not converging.  Current: -957.9302371033693 is not greater than -957.930230319571. Delta is -6.78379831242637e-06
2026-09-27 23:14:28,400 [INFO] GarimpoInvestimentos.v3.regime_engine: RegimeEngine treinado com 541 observações.
2026-09-27 23:14:28,400 [INFO] GarimpoInvestimentos.v3.regime_engine: Mapa de estados: {2: 'bull', 1: 'sideways', 0: 'bear'}
2026-09-27 23:14:28,400 [INFO] GarimpoInvestimentos.v3.regime_engine:   Estado 2 (bull): 19.6% das obs, retorno médio=0.005422
2026-09-27 23:14:28,400 [INFO] GarimpoInvestimentos.v3.regime_engine:   Estado 1 (sideways): 32.0% das obs, retorno médio=-0.000001
2026-09-27 23:14:28,400 [INFO] GarimpoInvestimentos.v3.regime_engine:   Estado 0 (bear): 48.4% das obs, retorno médio=-0.000696
2026-09-27 23:14:28,455 [WARNING] __main__: backtest_v3 fold 21: sem sinais ativos no OOS
2026-09-27 23:14:28,455 [INFO] __main__: backtest_v3 [BTCUSDT] fold 22: IS=[660 d, 840 d), OOS=[847 d, 877 d)
2026-09-27 23:14:28,861 [INFO] GarimpoInvestimentos.v3.regime_engine: RegimeEngine treinado com 540 observações.
2026-09-27 23:14:28,861 [INFO] GarimpoInvestimentos.v3.regime_engine: Mapa de estados: {2: 'bull', 0: 'sideways', 1: 'bear'}
2026-09-27 23:14:28,861 [INFO] GarimpoInvestimentos.v3.regime_engine:   Estado 2 (bull): 12.0% das obs, retorno médio=0.004028
2026-09-27 23:14:28,861 [INFO] GarimpoInvestimentos.v3.regime_engine:   Estado 0 (sideways): 55.7% das obs, retorno médio=0.000489
2026-09-27 23:14:28,861 [INFO] GarimpoInvestimentos.v3.regime_engine:   Estado 1 (bear): 32.2% das obs, retorno médio=-0.000090
2026-09-27 23:14:28,891 [INFO] __main__: backtest_v3 [BTCUSDT] fold 22: IC=0.0000 [0.0000, 0.0000] PSR=0.024 MaxDD=0.46% → INSUFFICIENT_DATA
2026-09-27 23:14:28,891 [INFO] __main__: backtest_v3 [BTCUSDT] fold 23: IS=[690 d, 870 d), OOS=[877 d, 907 d)
2026-09-27 23:14:29,219 [INFO] GarimpoInvestimentos.v3.regime_engine: RegimeEngine treinado com 539 observações.
2026-09-27 23:14:29,219 [INFO] GarimpoInvestimentos.v3.regime_engine: Mapa de estados: {2: 'bull', 1: 'sideways', 0: 'bear'}
2026-09-27 23:14:29,219 [INFO] GarimpoInvestimentos.v3.regime_engine:   Estado 2 (bull): 15.8% das obs, retorno médio=0.007739
2026-09-27 23:14:29,219 [INFO] GarimpoInvestimentos.v3.regime_engine:   Estado 1 (sideways): 31.9% das obs, retorno médio=-0.000029
2026-09-27 23:14:29,219 [INFO] GarimpoInvestimentos.v3.regime_engine:   Estado 0 (bear): 52.3% das obs, retorno médio=-0.000418
2026-09-27 23:14:29,255 [INFO] __main__: backtest_v3 [BTCUSDT] fold 23: IC=0.0000 [0.0000, 0.0000] PSR=0.976 MaxDD=0.00% → INSUFFICIENT_DATA
2026-09-27 23:14:29,255 [INFO] __main__: backtest_v3 [BTCUSDT] fold 24: IS=[720 d, 900 d), OOS=[907 d, 937 d)
2026-09-27 23:14:29,752 [INFO] GarimpoInvestimentos.v3.regime_engine: RegimeEngine treinado com 541 observações.
2026-09-27 23:14:29,752 [INFO] GarimpoInvestimentos.v3.regime_engine: Mapa de estados: {2: 'bull', 1: 'sideways', 0: 'bear'}
2026-09-27 23:14:29,752 [INFO] GarimpoInvestimentos.v3.regime_engine:   Estado 2 (bull): 27.2% das obs, retorno médio=0.004075
2026-09-27 23:14:29,752 [INFO] GarimpoInvestimentos.v3.regime_engine:   Estado 1 (sideways): 41.8% das obs, retorno médio=0.003878
2026-09-27 23:14:29,752 [INFO] GarimpoInvestimentos.v3.regime_engine:   Estado 0 (bear): 31.1% das obs, retorno médio=-0.006015
2026-09-27 23:14:29,809 [INFO] __main__: backtest_v3 [BTCUSDT] fold 24: IC=0.0000 [0.0000, 0.0000] PSR=0.024 MaxDD=0.14% → INSUFFICIENT_DATA
2026-09-27 23:14:29,809 [INFO] __main__: backtest_v3 [BTCUSDT] fold 25: IS=[750 d, 930 d), OOS=[937 d, 967 d)
2026-09-27 23:14:30,117 [INFO] GarimpoInvestimentos.v3.regime_engine: RegimeEngine treinado com 541 observações.
2026-09-27 23:14:30,117 [INFO] GarimpoInvestimentos.v3.regime_engine: Mapa de estados: {2: 'bull', 1: 'sideways', 0: 'bear'}
2026-09-27 23:14:30,117 [INFO] GarimpoInvestimentos.v3.regime_engine:   Estado 2 (bull): 9.4% das obs, retorno médio=0.005745
2026-09-27 23:14:30,117 [INFO] GarimpoInvestimentos.v3.regime_engine:   Estado 1 (sideways): 40.1% das obs, retorno médio=0.000331
2026-09-27 23:14:30,117 [INFO] GarimpoInvestimentos.v3.regime_engine:   Estado 0 (bear): 50.5% das obs, retorno médio=-0.000066
2026-09-27 23:14:30,190 [INFO] __main__: backtest_v3 [BTCUSDT] fold 25: IC=0.0000 [0.0000, 0.0000] PSR=0.000 MaxDD=0.42% → INSUFFICIENT_DATA
2026-09-27 23:14:30,190 [INFO] __main__: backtest_v3 [BTCUSDT] fold 26: IS=[780 d, 960 d), OOS=[967 d, 997 d)
2026-09-27 23:14:30,549 [INFO] GarimpoInvestimentos.v3.regime_engine: RegimeEngine treinado com 541 observações.
2026-09-27 23:14:30,549 [INFO] GarimpoInvestimentos.v3.regime_engine: Mapa de estados: {1: 'bull', 2: 'sideways', 0: 'bear'}
2026-09-27 23:14:30,549 [INFO] GarimpoInvestimentos.v3.regime_engine:   Estado 1 (bull): 14.2% das obs, retorno médio=0.001848
2026-09-27 23:14:30,549 [INFO] GarimpoInvestimentos.v3.regime_engine:   Estado 2 (sideways): 43.8% das obs, retorno médio=-0.000064
2026-09-27 23:14:30,549 [INFO] GarimpoInvestimentos.v3.regime_engine:   Estado 0 (bear): 42.0% das obs, retorno médio=-0.000364
2026-09-27 23:14:30,605 [INFO] __main__: backtest_v3 [BTCUSDT] fold 26: IC=0.0000 [0.0000, 0.0000] PSR=0.976 MaxDD=0.00% → INSUFFICIENT_DATA
2026-09-27 23:14:30,605 [INFO] __main__: backtest_v3 [BTCUSDT] fold 27: IS=[810 d, 990 d), OOS=[997 d, 1027 d)
2026-09-27 23:14:30,846 [WARNING] hmmlearn.base: Model is not converging.  Current: -1041.2947585425163 is not greater than -1041.2947571470581. Delta is -1.3954581845609937e-06
2026-09-27 23:14:30,848 [INFO] GarimpoInvestimentos.v3.regime_engine: RegimeEngine treinado com 540 observações.
2026-09-27 23:14:30,848 [INFO] GarimpoInvestimentos.v3.regime_engine: Mapa de estados: {0: 'bull', 2: 'sideways', 1: 'bear'}
2026-09-27 23:14:30,848 [INFO] GarimpoInvestimentos.v3.regime_engine:   Estado 0 (bull): 50.4% das obs, retorno médio=0.000167
2026-09-27 23:14:30,848 [INFO] GarimpoInvestimentos.v3.regime_engine:   Estado 2 (sideways): 16.1% das obs, retorno médio=-0.000142
2026-09-27 23:14:30,848 [INFO] GarimpoInvestimentos.v3.regime_engine:   Estado 1 (bear): 33.5% das obs, retorno médio=-0.000501
2026-09-27 23:14:30,878 [INFO] __main__: backtest_v3 [BTCUSDT] fold 27: IC=0.0000 [0.0000, 0.0000] PSR=0.955 MaxDD=0.02% → INSUFFICIENT_DATA
2026-09-27 23:14:30,878 [INFO] __main__: backtest_v3 [BTCUSDT] fold 28: IS=[840 d, 1020 d), OOS=[1027 d, 1057 d)
2026-09-27 23:14:31,224 [INFO] GarimpoInvestimentos.v3.regime_engine: RegimeEngine treinado com 541 observações.
2026-09-27 23:14:31,224 [INFO] GarimpoInvestimentos.v3.regime_engine: Mapa de estados: {2: 'bull', 1: 'sideways', 0: 'bear'}
2026-09-27 23:14:31,224 [INFO] GarimpoInvestimentos.v3.regime_engine:   Estado 2 (bull): 13.5% das obs, retorno médio=0.000549
2026-09-27 23:14:31,224 [INFO] GarimpoInvestimentos.v3.regime_engine:   Estado 1 (sideways): 51.2% das obs, retorno médio=0.000011
2026-09-27 23:14:31,224 [INFO] GarimpoInvestimentos.v3.regime_engine:   Estado 0 (bear): 35.3% das obs, retorno médio=-0.000246
2026-09-27 23:14:31,279 [INFO] __main__: backtest_v3 [BTCUSDT] fold 28: IC=0.0000 [0.0000, 0.0000] PSR=0.976 MaxDD=0.00% → INSUFFICIENT_DATA
2026-09-27 23:14:31,279 [INFO] __main__: backtest_v3 [BTCUSDT] fold 29: IS=[870 d, 1050 d), OOS=[1057 d, 1087 d)
2026-09-27 23:14:31,846 [INFO] GarimpoInvestimentos.v3.regime_engine: RegimeEngine treinado com 541 observações.
2026-09-27 23:14:31,846 [INFO] GarimpoInvestimentos.v3.regime_engine: Mapa de estados: {2: 'bull', 1: 'sideways', 0: 'bear'}
2026-09-27 23:14:31,846 [INFO] GarimpoInvestimentos.v3.regime_engine:   Estado 2 (bull): 25.1% das obs, retorno médio=0.002974
2026-09-27 23:14:31,846 [INFO] GarimpoInvestimentos.v3.regime_engine:   Estado 1 (sideways): 42.0% das obs, retorno médio=0.002718
2026-09-27 23:14:31,846 [INFO] GarimpoInvestimentos.v3.regime_engine:   Estado 0 (bear): 32.9% das obs, retorno médio=-0.004085
2026-09-27 23:14:31,996 [INFO] __main__: backtest_v3 [BTCUSDT] fold 29: IC=0.6000 [-1.0000, 1.0000] PSR=0.099 MaxDD=0.58% → INSUFFICIENT_DATA
2026-09-27 23:14:31,996 [INFO] __main__: backtest_v3 [BTCUSDT] fold 30: IS=[900 d, 1080 d), OOS=[1087 d, 1117 d)
2026-09-27 23:14:32,226 [INFO] GarimpoInvestimentos.v3.regime_engine: RegimeEngine treinado com 540 observações.
2026-09-27 23:14:32,226 [INFO] GarimpoInvestimentos.v3.regime_engine: Mapa de estados: {2: 'bull', 1: 'sideways', 0: 'bear'}
2026-09-27 23:14:32,226 [INFO] GarimpoInvestimentos.v3.regime_engine:   Estado 2 (bull): 18.7% das obs, retorno médio=0.003165
2026-09-27 23:14:32,226 [INFO] GarimpoInvestimentos.v3.regime_engine:   Estado 1 (sideways): 51.1% das obs, retorno médio=0.000674
2026-09-27 23:14:32,226 [INFO] GarimpoInvestimentos.v3.regime_engine:   Estado 0 (bear): 30.2% das obs, retorno médio=-0.000315
2026-09-27 23:14:32,365 [INFO] __main__: backtest_v3 [BTCUSDT] fold 30: IC=0.5000 [-1.0000, 1.0000] PSR=0.657 MaxDD=0.74% → INSUFFICIENT_DATA
2026-09-27 23:14:32,365 [INFO] __main__: backtest_v3 [BTCUSDT] fold 31: IS=[930 d, 1110 d), OOS=[1117 d, 1147 d)
2026-09-27 23:14:32,635 [WARNING] hmmlearn.base: Model is not converging.  Current: -1039.3975954810867 is not greater than -1039.397586486669. Delta is -8.99441761248454e-06
2026-09-27 23:14:32,638 [INFO] GarimpoInvestimentos.v3.regime_engine: RegimeEngine treinado com 540 observações.
2026-09-27 23:14:32,638 [INFO] GarimpoInvestimentos.v3.regime_engine: Mapa de estados: {2: 'bull', 1: 'sideways', 0: 'bear'}
2026-09-27 23:14:32,638 [INFO] GarimpoInvestimentos.v3.regime_engine:   Estado 2 (bull): 21.7% das obs, retorno médio=0.002836
2026-09-27 23:14:32,638 [INFO] GarimpoInvestimentos.v3.regime_engine:   Estado 1 (sideways): 50.4% das obs, retorno médio=0.000243
2026-09-27 23:14:32,638 [INFO] GarimpoInvestimentos.v3.regime_engine:   Estado 0 (bear): 28.0% das obs, retorno médio=-0.000307
2026-09-27 23:14:32,791 [INFO] __main__: backtest_v3 [BTCUSDT] fold 31: IC=0.7143 [0.0000, 1.0000] PSR=0.990 MaxDD=0.26% → INSUFFICIENT_DATA
2026-09-27 23:14:32,791 [INFO] __main__: backtest_v3 [BTCUSDT] fold 32: IS=[960 d, 1140 d), OOS=[1147 d, 1177 d)
2026-09-27 23:14:33,425 [INFO] GarimpoInvestimentos.v3.regime_engine: RegimeEngine treinado com 540 observações.
2026-09-27 23:14:33,425 [INFO] GarimpoInvestimentos.v3.regime_engine: Mapa de estados: {2: 'bull', 1: 'sideways', 0: 'bear'}
2026-09-27 23:14:33,425 [INFO] GarimpoInvestimentos.v3.regime_engine:   Estado 2 (bull): 25.9% das obs, retorno médio=0.003769
2026-09-27 23:14:33,425 [INFO] GarimpoInvestimentos.v3.regime_engine:   Estado 1 (sideways): 55.4% das obs, retorno médio=0.000628
2026-09-27 23:14:33,425 [INFO] GarimpoInvestimentos.v3.regime_engine:   Estado 0 (bear): 18.7% das obs, retorno médio=-0.000282
2026-09-27 23:14:33,592 [INFO] __main__: backtest_v3 [BTCUSDT] fold 32: IC=-0.2427 [-0.8551, 0.5439] PSR=0.000 MaxDD=6.44% → INSUFFICIENT_DATA
2026-09-27 23:14:33,592 [INFO] __main__: backtest_v3 [BTCUSDT] fold 33: IS=[990 d, 1170 d), OOS=[1177 d, 1207 d)
2026-09-27 23:14:34,280 [INFO] GarimpoInvestimentos.v3.regime_engine: RegimeEngine treinado com 538 observações.
2026-09-27 23:14:34,280 [INFO] GarimpoInvestimentos.v3.regime_engine: Mapa de estados: {1: 'bull', 0: 'sideways', 2: 'bear'}
2026-09-27 23:14:34,280 [INFO] GarimpoInvestimentos.v3.regime_engine:   Estado 1 (bull): 33.8% das obs, retorno médio=0.004765
2026-09-27 23:14:34,280 [INFO] GarimpoInvestimentos.v3.regime_engine:   Estado 0 (sideways): 58.7% das obs, retorno médio=0.000281
2026-09-27 23:14:34,280 [INFO] GarimpoInvestimentos.v3.regime_engine:   Estado 2 (bear): 7.4% das obs, retorno médio=-0.000013
2026-09-27 23:14:34,330 [INFO] __main__: backtest_v3 [BTCUSDT] fold 33: IC=0.0000 [0.0000, 0.0000] PSR=0.976 MaxDD=0.00% → INSUFFICIENT_DATA
2026-09-27 23:14:34,330 [INFO] __main__: backtest_v3 [BTCUSDT] fold 34: IS=[1020 d, 1200 d), OOS=[1207 d, 1237 d)
2026-09-27 23:14:34,666 [INFO] GarimpoInvestimentos.v3.regime_engine: RegimeEngine treinado com 538 observações.
2026-09-27 23:14:34,667 [INFO] GarimpoInvestimentos.v3.regime_engine: Mapa de estados: {1: 'bull', 0: 'sideways', 2: 'bear'}
2026-09-27 23:14:34,667 [INFO] GarimpoInvestimentos.v3.regime_engine:   Estado 1 (bull): 37.7% das obs, retorno médio=0.004286
2026-09-27 23:14:34,667 [INFO] GarimpoInvestimentos.v3.regime_engine:   Estado 0 (sideways): 49.8% das obs, retorno médio=0.000500
2026-09-27 23:14:34,667 [INFO] GarimpoInvestimentos.v3.regime_engine:   Estado 2 (bear): 12.5% das obs, retorno médio=-0.002587
2026-09-27 23:14:34,719 [WARNING] __main__: backtest_v3 fold 34: sem sinais ativos no OOS
2026-09-27 23:14:34,719 [INFO] __main__: backtest_v3 [BTCUSDT] fold 35: IS=[1050 d, 1230 d), OOS=[1237 d, 1267 d)
2026-09-27 23:14:35,007 [INFO] GarimpoInvestimentos.v3.regime_engine: RegimeEngine treinado com 538 observações.
2026-09-27 23:14:35,007 [INFO] GarimpoInvestimentos.v3.regime_engine: Mapa de estados: {0: 'bull', 2: 'sideways', 1: 'bear'}
2026-09-27 23:14:35,007 [INFO] GarimpoInvestimentos.v3.regime_engine:   Estado 0 (bull): 35.7% das obs, retorno médio=0.003577
2026-09-27 23:14:35,007 [INFO] GarimpoInvestimentos.v3.regime_engine:   Estado 2 (sideways): 47.4% das obs, retorno médio=0.000653
2026-09-27 23:14:35,007 [INFO] GarimpoInvestimentos.v3.regime_engine:   Estado 1 (bear): 16.9% das obs, retorno médio=-0.003612
2026-09-27 23:14:35,036 [INFO] __main__: backtest_v3 [BTCUSDT] fold 35: IC=0.0000 [0.0000, 0.0000] PSR=0.166 MaxDD=0.56% → INSUFFICIENT_DATA
2026-09-27 23:14:35,036 [INFO] __main__: backtest_v3 [BTCUSDT] fold 36: IS=[1080 d, 1260 d), OOS=[1267 d, 1297 d)
2026-09-27 23:14:35,549 [INFO] GarimpoInvestimentos.v3.regime_engine: RegimeEngine treinado com 538 observações.
2026-09-27 23:14:35,549 [INFO] GarimpoInvestimentos.v3.regime_engine: Mapa de estados: {1: 'bull', 2: 'sideways', 0: 'bear'}
2026-09-27 23:14:35,549 [INFO] GarimpoInvestimentos.v3.regime_engine:   Estado 1 (bull): 37.7% das obs, retorno médio=0.002909
2026-09-27 23:14:35,549 [INFO] GarimpoInvestimentos.v3.regime_engine:   Estado 2 (sideways): 26.0% das obs, retorno médio=0.001362
2026-09-27 23:14:35,549 [INFO] GarimpoInvestimentos.v3.regime_engine:   Estado 0 (bear): 36.2% das obs, retorno médio=-0.001701
2026-09-27 23:14:35,600 [INFO] __main__: backtest_v3 [BTCUSDT] fold 36: IC=0.0000 [0.0000, 0.0000] PSR=0.116 MaxDD=1.05% → INSUFFICIENT_DATA
2026-09-27 23:14:35,600 [INFO] __main__: backtest_v3 [BTCUSDT] fold 37: IS=[1110 d, 1290 d), OOS=[1297 d, 1327 d)
2026-09-27 23:14:36,464 [INFO] GarimpoInvestimentos.v3.regime_engine: RegimeEngine treinado com 535 observações.
2026-09-27 23:14:36,464 [INFO] GarimpoInvestimentos.v3.regime_engine: Mapa de estados: {0: 'bull', 1: 'sideways', 2: 'bear'}
2026-09-27 23:14:36,464 [INFO] GarimpoInvestimentos.v3.regime_engine:   Estado 0 (bull): 46.2% das obs, retorno médio=0.000890
2026-09-27 23:14:36,464 [INFO] GarimpoInvestimentos.v3.regime_engine:   Estado 1 (sideways): 32.1% das obs, retorno médio=0.000324
2026-09-27 23:14:36,464 [INFO] GarimpoInvestimentos.v3.regime_engine:   Estado 2 (bear): 21.7% das obs, retorno médio=0.000222
2026-09-27 23:14:36,598 [INFO] __main__: backtest_v3 [BTCUSDT] fold 37: IC=0.4000 [-1.0000, 1.0000] PSR=1.000 MaxDD=0.00% → INSUFFICIENT_DATA
2026-09-27 23:14:36,598 [INFO] __main__: backtest_v3 [BTCUSDT] fold 38: IS=[1140 d, 1320 d), OOS=[1327 d, 1357 d)
2026-09-27 23:14:37,396 [INFO] GarimpoInvestimentos.v3.regime_engine: RegimeEngine treinado com 532 observações.
2026-09-27 23:14:37,396 [INFO] GarimpoInvestimentos.v3.regime_engine: Mapa de estados: {0: 'bull', 2: 'sideways', 1: 'bear'}
2026-09-27 23:14:37,396 [INFO] GarimpoInvestimentos.v3.regime_engine:   Estado 0 (bull): 44.7% das obs, retorno médio=0.000123
2026-09-27 23:14:37,396 [INFO] GarimpoInvestimentos.v3.regime_engine:   Estado 2 (sideways): 25.4% das obs, retorno médio=0.000093
2026-09-27 23:14:37,396 [INFO] GarimpoInvestimentos.v3.regime_engine:   Estado 1 (bear): 29.9% das obs, retorno médio=0.000031
2026-09-27 23:14:37,453 [INFO] __main__: backtest_v3 [BTCUSDT] fold 38: IC=0.0000 [0.0000, 0.0000] PSR=0.976 MaxDD=0.00% → INSUFFICIENT_DATA
2026-09-27 23:14:37,453 [INFO] __main__: backtest_v3 [BTCUSDT] fold 39: IS=[1170 d, 1350 d), OOS=[1357 d, 1387 d)
2026-09-27 23:14:38,025 [INFO] GarimpoInvestimentos.v3.regime_engine: RegimeEngine treinado com 534 observações.
2026-09-27 23:14:38,025 [INFO] GarimpoInvestimentos.v3.regime_engine: Mapa de estados: {0: 'bull', 2: 'sideways', 1: 'bear'}
2026-09-27 23:14:38,025 [INFO] GarimpoInvestimentos.v3.regime_engine:   Estado 0 (bull): 45.9% das obs, retorno médio=0.001394
2026-09-27 23:14:38,025 [INFO] GarimpoInvestimentos.v3.regime_engine:   Estado 2 (sideways): 35.4% das obs, retorno médio=-0.001544
2026-09-27 23:14:38,025 [INFO] GarimpoInvestimentos.v3.regime_engine:   Estado 1 (bear): 18.7% das obs, retorno médio=-0.003238
2026-09-27 23:14:38,074 [INFO] __main__: backtest_v3 [BTCUSDT] fold 39: IC=0.0000 [0.0000, 0.0000] PSR=0.019 MaxDD=0.19% → INSUFFICIENT_DATA
2026-09-27 23:14:38,075 [INFO] __main__: backtest_v3 [BTCUSDT] fold 40: IS=[1200 d, 1380 d), OOS=[1387 d, 1417 d)
2026-09-27 23:14:38,920 [INFO] GarimpoInvestimentos.v3.regime_engine: RegimeEngine treinado com 534 observações.
2026-09-27 23:14:38,920 [INFO] GarimpoInvestimentos.v3.regime_engine: Mapa de estados: {1: 'bull', 2: 'sideways', 0: 'bear'}
2026-09-27 23:14:38,920 [INFO] GarimpoInvestimentos.v3.regime_engine:   Estado 1 (bull): 39.0% das obs, retorno médio=0.001510
2026-09-27 23:14:38,921 [INFO] GarimpoInvestimentos.v3.regime_engine:   Estado 2 (sideways): 24.9% das obs, retorno médio=-0.000041
2026-09-27 23:14:38,921 [INFO] GarimpoInvestimentos.v3.regime_engine:   Estado 0 (bear): 36.1% das obs, retorno médio=-0.002275
2026-09-27 23:14:38,984 [INFO] __main__: backtest_v3 [BTCUSDT] fold 40: IC=0.0000 [0.0000, 0.0000] PSR=0.976 MaxDD=0.00% → INSUFFICIENT_DATA
2026-09-27 23:14:38,984 [INFO] __main__: backtest_v3 [BTCUSDT] fold 41: IS=[1230 d, 1410 d), OOS=[1417 d, 1447 d)
2026-09-27 23:14:39,539 [INFO] GarimpoInvestimentos.v3.regime_engine: RegimeEngine treinado com 534 observações.
2026-09-27 23:14:39,539 [INFO] GarimpoInvestimentos.v3.regime_engine: Mapa de estados: {0: 'bull', 2: 'sideways', 1: 'bear'}
2026-09-27 23:14:39,539 [INFO] GarimpoInvestimentos.v3.regime_engine:   Estado 0 (bull): 51.9% das obs, retorno médio=0.001364
2026-09-27 23:14:39,539 [INFO] GarimpoInvestimentos.v3.regime_engine:   Estado 2 (sideways): 9.2% das obs, retorno médio=-0.000642
2026-09-27 23:14:39,539 [INFO] GarimpoInvestimentos.v3.regime_engine:   Estado 1 (bear): 39.0% das obs, retorno médio=-0.000777
2026-09-27 23:14:39,577 [INFO] __main__: backtest_v3 [BTCUSDT] fold 41: IC=0.0000 [0.0000, 0.0000] PSR=0.870 MaxDD=0.31% → INSUFFICIENT_DATA
2026-09-27 23:14:39,577 [INFO] __main__: backtest_v3 [BTCUSDT] fold 42: IS=[1260 d, 1440 d), OOS=[1447 d, 1477 d)
2026-09-27 23:14:39,942 [INFO] GarimpoInvestimentos.v3.regime_engine: RegimeEngine treinado com 534 observações.
2026-09-27 23:14:39,942 [INFO] GarimpoInvestimentos.v3.regime_engine: Mapa de estados: {0: 'bull', 1: 'sideways', 2: 'bear'}
2026-09-27 23:14:39,942 [INFO] GarimpoInvestimentos.v3.regime_engine:   Estado 0 (bull): 10.9% das obs, retorno médio=0.001738
2026-09-27 23:14:39,942 [INFO] GarimpoInvestimentos.v3.regime_engine:   Estado 1 (sideways): 42.3% das obs, retorno médio=0.001156
2026-09-27 23:14:39,942 [INFO] GarimpoInvestimentos.v3.regime_engine:   Estado 2 (bear): 46.8% das obs, retorno médio=-0.000299
2026-09-27 23:14:39,974 [INFO] __main__: backtest_v3 [BTCUSDT] fold 42: IC=0.0000 [0.0000, 0.0000] PSR=0.072 MaxDD=0.26% → INSUFFICIENT_DATA
2026-09-27 23:14:39,975 [INFO] __main__: backtest_v3 [BTCUSDT] fold 43: IS=[1290 d, 1470 d), OOS=[1477 d, 1507 d)
2026-09-27 23:14:40,621 [INFO] GarimpoInvestimentos.v3.regime_engine: RegimeEngine treinado com 537 observações.
2026-09-27 23:14:40,621 [INFO] GarimpoInvestimentos.v3.regime_engine: Mapa de estados: {2: 'bull', 0: 'sideways', 1: 'bear'}
2026-09-27 23:14:40,621 [INFO] GarimpoInvestimentos.v3.regime_engine:   Estado 2 (bull): 10.6% das obs, retorno médio=0.001426
2026-09-27 23:14:40,621 [INFO] GarimpoInvestimentos.v3.regime_engine:   Estado 0 (sideways): 47.5% das obs, retorno médio=0.000690
2026-09-27 23:14:40,621 [INFO] GarimpoInvestimentos.v3.regime_engine:   Estado 1 (bear): 41.9% das obs, retorno médio=0.000579
2026-09-27 23:14:40,688 [INFO] __main__: backtest_v3 [BTCUSDT] fold 43: IC=0.0000 [0.0000, 0.0000] PSR=0.511 MaxDD=0.21% → INSUFFICIENT_DATA
2026-09-27 23:14:40,688 [INFO] __main__: backtest_v3 [BTCUSDT] fold 44: IS=[1320 d, 1500 d), OOS=[1507 d, 1537 d)
2026-09-27 23:14:41,211 [INFO] GarimpoInvestimentos.v3.regime_engine: RegimeEngine treinado com 540 observações.
2026-09-27 23:14:41,211 [INFO] GarimpoInvestimentos.v3.regime_engine: Mapa de estados: {1: 'bull', 0: 'sideways', 2: 'bear'}
2026-09-27 23:14:41,211 [INFO] GarimpoInvestimentos.v3.regime_engine:   Estado 1 (bull): 50.7% das obs, retorno médio=0.001122
2026-09-27 23:14:41,211 [INFO] GarimpoInvestimentos.v3.regime_engine:   Estado 0 (sideways): 40.2% das obs, retorno médio=0.000833
2026-09-27 23:14:41,211 [INFO] GarimpoInvestimentos.v3.regime_engine:   Estado 2 (bear): 9.1% das obs, retorno médio=-0.000053
2026-09-27 23:14:41,268 [INFO] __main__: backtest_v3 [BTCUSDT] fold 44: IC=0.0000 [0.0000, 0.0000] PSR=0.018 MaxDD=2.50% → INSUFFICIENT_DATA
2026-09-27 23:14:41,268 [INFO] __main__: backtest_v3 [BTCUSDT] fold 45: IS=[1350 d, 1530 d), OOS=[1537 d, 1567 d)
2026-09-27 23:14:42,292 [INFO] GarimpoInvestimentos.v3.regime_engine: RegimeEngine treinado com 540 observações.
2026-09-27 23:14:42,292 [INFO] GarimpoInvestimentos.v3.regime_engine: Mapa de estados: {0: 'bull', 2: 'sideways', 1: 'bear'}
2026-09-27 23:14:42,292 [INFO] GarimpoInvestimentos.v3.regime_engine:   Estado 0 (bull): 34.3% das obs, retorno médio=0.002617
2026-09-27 23:14:42,292 [INFO] GarimpoInvestimentos.v3.regime_engine:   Estado 2 (sideways): 30.0% das obs, retorno médio=0.001961
2026-09-27 23:14:42,292 [INFO] GarimpoInvestimentos.v3.regime_engine:   Estado 1 (bear): 35.7% das obs, retorno médio=-0.002521
2026-09-27 23:14:42,359 [INFO] __main__: backtest_v3 [BTCUSDT] fold 45: IC=0.0000 [0.0000, 0.0000] PSR=0.194 MaxDD=1.46% → INSUFFICIENT_DATA
2026-09-27 23:14:42,360 [INFO] __main__: backtest_v3 [BTCUSDT] fold 46: IS=[1380 d, 1560 d), OOS=[1567 d, 1597 d)
2026-09-27 23:14:42,939 [INFO] GarimpoInvestimentos.v3.regime_engine: RegimeEngine treinado com 540 observações.
2026-09-27 23:14:42,939 [INFO] GarimpoInvestimentos.v3.regime_engine: Mapa de estados: {0: 'bull', 1: 'sideways', 2: 'bear'}
2026-09-27 23:14:42,939 [INFO] GarimpoInvestimentos.v3.regime_engine:   Estado 0 (bull): 36.5% das obs, retorno médio=0.000666
2026-09-27 23:14:42,939 [INFO] GarimpoInvestimentos.v3.regime_engine:   Estado 1 (sideways): 40.0% das obs, retorno médio=0.000449
2026-09-27 23:14:42,939 [INFO] GarimpoInvestimentos.v3.regime_engine:   Estado 2 (bear): 23.5% das obs, retorno médio=0.000396
2026-09-27 23:14:42,996 [INFO] __main__: backtest_v3 [BTCUSDT] fold 46: IC=0.0000 [0.0000, 0.0000] PSR=0.976 MaxDD=0.00% → INSUFFICIENT_DATA
2026-09-27 23:14:42,996 [INFO] __main__: backtest_v3 [BTCUSDT] fold 47: IS=[1410 d, 1590 d), OOS=[1597 d, 1627 d)
2026-09-27 23:14:43,387 [INFO] GarimpoInvestimentos.v3.regime_engine: RegimeEngine treinado com 538 observações.
2026-09-27 23:14:43,387 [INFO] GarimpoInvestimentos.v3.regime_engine: Mapa de estados: {1: 'bull', 0: 'sideways', 2: 'bear'}
2026-09-27 23:14:43,387 [INFO] GarimpoInvestimentos.v3.regime_engine:   Estado 1 (bull): 42.8% das obs, retorno médio=0.000938
2026-09-27 23:14:43,387 [INFO] GarimpoInvestimentos.v3.regime_engine:   Estado 0 (sideways): 33.5% das obs, retorno médio=0.000226
2026-09-27 23:14:43,387 [INFO] GarimpoInvestimentos.v3.regime_engine:   Estado 2 (bear): 23.8% das obs, retorno médio=-0.000098
2026-09-27 23:14:43,427 [INFO] __main__: backtest_v3 [BTCUSDT] fold 47: IC=0.0000 [0.0000, 0.0000] PSR=0.949 MaxDD=0.02% → INSUFFICIENT_DATA
2026-09-27 23:14:43,427 [INFO] __main__: backtest_v3 [BTCUSDT] fold 48: IS=[1440 d, 1620 d), OOS=[1627 d, 1657 d)
2026-09-27 23:14:43,727 [INFO] GarimpoInvestimentos.v3.regime_engine: RegimeEngine treinado com 538 observações.
2026-09-27 23:14:43,727 [INFO] GarimpoInvestimentos.v3.regime_engine: Mapa de estados: {1: 'bull', 2: 'sideways', 0: 'bear'}
2026-09-27 23:14:43,727 [INFO] GarimpoInvestimentos.v3.regime_engine:   Estado 1 (bull): 8.4% das obs, retorno médio=0.001743
2026-09-27 23:14:43,728 [INFO] GarimpoInvestimentos.v3.regime_engine:   Estado 2 (sideways): 76.2% das obs, retorno médio=0.000335
2026-09-27 23:14:43,728 [INFO] GarimpoInvestimentos.v3.regime_engine:   Estado 0 (bear): 15.4% das obs, retorno médio=-0.001556
2026-09-27 23:14:43,870 [INFO] __main__: backtest_v3 [BTCUSDT] fold 48: IC=-0.5000 [-1.0000, 1.0000] PSR=0.000 MaxDD=1.29% → INSUFFICIENT_DATA
2026-09-27 23:14:43,871 [INFO] __main__: backtest_v3 [BTCUSDT] fold 49: IS=[1470 d, 1650 d), OOS=[1657 d, 1687 d)
2026-09-27 23:14:44,292 [INFO] GarimpoInvestimentos.v3.regime_engine: RegimeEngine treinado com 537 observações.
2026-09-27 23:14:44,292 [INFO] GarimpoInvestimentos.v3.regime_engine: Mapa de estados: {1: 'bull', 0: 'sideways', 2: 'bear'}
2026-09-27 23:14:44,292 [INFO] GarimpoInvestimentos.v3.regime_engine:   Estado 1 (bull): 35.4% das obs, retorno médio=0.001832
2026-09-27 23:14:44,292 [INFO] GarimpoInvestimentos.v3.regime_engine:   Estado 0 (sideways): 49.2% das obs, retorno médio=-0.000129
2026-09-27 23:14:44,292 [INFO] GarimpoInvestimentos.v3.regime_engine:   Estado 2 (bear): 15.5% das obs, retorno médio=-0.001942
2026-09-27 23:14:44,330 [WARNING] __main__: backtest_v3 fold 49: sem sinais ativos no OOS
2026-09-27 23:14:44,330 [INFO] __main__: backtest_v3 [BTCUSDT] fold 50: IS=[1500 d, 1680 d), OOS=[1687 d, 1717 d)
2026-09-27 23:14:44,940 [INFO] GarimpoInvestimentos.v3.regime_engine: RegimeEngine treinado com 537 observações.
2026-09-27 23:14:44,940 [INFO] GarimpoInvestimentos.v3.regime_engine: Mapa de estados: {0: 'bull', 2: 'sideways', 1: 'bear'}
2026-09-27 23:14:44,940 [INFO] GarimpoInvestimentos.v3.regime_engine:   Estado 0 (bull): 39.5% das obs, retorno médio=0.001316
2026-09-27 23:14:44,940 [INFO] GarimpoInvestimentos.v3.regime_engine:   Estado 2 (sideways): 22.2% das obs, retorno médio=0.000774
2026-09-27 23:14:44,940 [INFO] GarimpoInvestimentos.v3.regime_engine:   Estado 1 (bear): 38.4% das obs, retorno médio=-0.000896
2026-09-27 23:14:44,980 [INFO] __main__: backtest_v3 [BTCUSDT] fold 50: IC=0.0000 [0.0000, 0.0000] PSR=0.024 MaxDD=0.25% → INSUFFICIENT_DATA
2026-09-27 23:14:44,980 [INFO] __main__: backtest_v3 [BTCUSDT] fold 51: IS=[1530 d, 1710 d), OOS=[1717 d, 1747 d)
2026-09-27 23:14:45,483 [INFO] GarimpoInvestimentos.v3.regime_engine: RegimeEngine treinado com 538 observações.
2026-09-27 23:14:45,483 [INFO] GarimpoInvestimentos.v3.regime_engine: Mapa de estados: {2: 'bull', 0: 'sideways', 1: 'bear'}
2026-09-27 23:14:45,483 [INFO] GarimpoInvestimentos.v3.regime_engine:   Estado 2 (bull): 29.6% das obs, retorno médio=0.002179
2026-09-27 23:14:45,483 [INFO] GarimpoInvestimentos.v3.regime_engine:   Estado 0 (sideways): 37.5% das obs, retorno médio=0.001005
2026-09-27 23:14:45,483 [INFO] GarimpoInvestimentos.v3.regime_engine:   Estado 1 (bear): 32.9% das obs, retorno médio=-0.001217
2026-09-27 23:14:45,543 [WARNING] __main__: backtest_v3 fold 51: sem sinais ativos no OOS
2026-09-27 23:14:45,543 [INFO] __main__: backtest_v3 [BTCUSDT] fold 52: IS=[1560 d, 1740 d), OOS=[1747 d, 1777 d)
2026-09-27 23:14:46,499 [INFO] GarimpoInvestimentos.v3.regime_engine: RegimeEngine treinado com 538 observações.
2026-09-27 23:14:46,499 [INFO] GarimpoInvestimentos.v3.regime_engine: Mapa de estados: {2: 'bull', 1: 'sideways', 0: 'bear'}
2026-09-27 23:14:46,499 [INFO] GarimpoInvestimentos.v3.regime_engine:   Estado 2 (bull): 27.1% das obs, retorno médio=0.001565
2026-09-27 23:14:46,499 [INFO] GarimpoInvestimentos.v3.regime_engine:   Estado 1 (sideways): 45.0% das obs, retorno médio=0.000460
2026-09-27 23:14:46,499 [INFO] GarimpoInvestimentos.v3.regime_engine:   Estado 0 (bear): 27.9% das obs, retorno médio=0.000452
2026-09-27 23:14:46,574 [WARNING] __main__: backtest_v3 fold 52: sem sinais ativos no OOS
2026-09-27 23:14:46,574 [INFO] __main__: backtest_v3 [BTCUSDT] fold 53: IS=[1590 d, 1770 d), OOS=[1777 d, 1807 d)
2026-09-27 23:14:46,842 [INFO] GarimpoInvestimentos.v3.regime_engine: RegimeEngine treinado com 540 observações.
2026-09-27 23:14:46,842 [INFO] GarimpoInvestimentos.v3.regime_engine: Mapa de estados: {1: 'bull', 0: 'sideways', 2: 'bear'}
2026-09-27 23:14:46,842 [INFO] GarimpoInvestimentos.v3.regime_engine:   Estado 1 (bull): 26.3% das obs, retorno médio=0.000816
2026-09-27 23:14:46,842 [INFO] GarimpoInvestimentos.v3.regime_engine:   Estado 0 (sideways): 46.9% das obs, retorno médio=0.000497
2026-09-27 23:14:46,842 [INFO] GarimpoInvestimentos.v3.regime_engine:   Estado 2 (bear): 26.9% das obs, retorno médio=-0.001605
2026-09-27 23:14:46,873 [INFO] __main__: backtest_v3 [BTCUSDT] fold 53: IC=0.0000 [0.0000, 0.0000] PSR=0.976 MaxDD=0.00% → INSUFFICIENT_DATA
2026-09-27 23:14:46,873 [INFO] __main__: backtest_v3 [BTCUSDT] fold 54: IS=[1620 d, 1800 d), OOS=[1807 d, 1837 d)
2026-09-27 23:14:49,401 [INFO] GarimpoInvestimentos.v3.regime_engine: RegimeEngine treinado com 540 observações.
2026-09-27 23:14:49,401 [INFO] GarimpoInvestimentos.v3.regime_engine: Mapa de estados: {0: 'bull', 1: 'sideways', 2: 'bear'}
2026-09-27 23:14:49,401 [INFO] GarimpoInvestimentos.v3.regime_engine:   Estado 0 (bull): 39.3% das obs, retorno médio=0.000766
2026-09-27 23:14:49,402 [INFO] GarimpoInvestimentos.v3.regime_engine:   Estado 1 (sideways): 25.9% das obs, retorno médio=0.000644
2026-09-27 23:14:49,402 [INFO] GarimpoInvestimentos.v3.regime_engine:   Estado 2 (bear): 34.8% das obs, retorno médio=-0.002240
2026-09-27 23:14:49,451 [WARNING] __main__: backtest_v3 fold 54: sem sinais ativos no OOS
2026-09-27 23:14:49,451 [INFO] __main__: backtest_v3 [BTCUSDT] fold 55: IS=[1650 d, 1830 d), OOS=[1837 d, 1867 d)
2026-09-27 23:14:50,113 [INFO] GarimpoInvestimentos.v3.regime_engine: RegimeEngine treinado com 541 observações.
2026-09-27 23:14:50,114 [INFO] GarimpoInvestimentos.v3.regime_engine: Mapa de estados: {0: 'bull', 2: 'sideways', 1: 'bear'}
2026-09-27 23:14:50,114 [INFO] GarimpoInvestimentos.v3.regime_engine:   Estado 0 (bull): 21.1% das obs, retorno médio=0.006556
2026-09-27 23:14:50,114 [INFO] GarimpoInvestimentos.v3.regime_engine:   Estado 2 (sideways): 47.9% das obs, retorno médio=-0.002061
2026-09-27 23:14:50,114 [INFO] GarimpoInvestimentos.v3.regime_engine:   Estado 1 (bear): 31.1% das obs, retorno médio=-0.002270
2026-09-27 23:14:50,149 [INFO] __main__: backtest_v3 [BTCUSDT] fold 55: IC=0.0000 [0.0000, 0.0000] PSR=0.036 MaxDD=0.89% → INSUFFICIENT_DATA
2026-09-27 23:14:50,149 [INFO] __main__: backtest_v3 [BTCUSDT] fold 56: IS=[1680 d, 1860 d), OOS=[1867 d, 1897 d)
2026-09-27 23:14:50,929 [INFO] GarimpoInvestimentos.v3.regime_engine: RegimeEngine treinado com 540 observações.
2026-09-27 23:14:50,929 [INFO] GarimpoInvestimentos.v3.regime_engine: Mapa de estados: {0: 'bull', 2: 'sideways', 1: 'bear'}
2026-09-27 23:14:50,929 [INFO] GarimpoInvestimentos.v3.regime_engine:   Estado 0 (bull): 20.6% das obs, retorno médio=0.007307
2026-09-27 23:14:50,929 [INFO] GarimpoInvestimentos.v3.regime_engine:   Estado 2 (sideways): 43.3% das obs, retorno médio=-0.002777
2026-09-27 23:14:50,929 [INFO] GarimpoInvestimentos.v3.regime_engine:   Estado 1 (bear): 36.1% das obs, retorno médio=-0.002884
2026-09-27 23:14:50,959 [WARNING] __main__: backtest_v3 fold 56: sem sinais ativos no OOS
2026-09-27 23:14:50,960 [INFO] __main__: backtest_v3 [BTCUSDT] fold 57: IS=[1710 d, 1890 d), OOS=[1897 d, 1927 d)
2026-09-27 23:14:51,297 [INFO] GarimpoInvestimentos.v3.regime_engine: RegimeEngine treinado com 540 observações.
2026-09-27 23:14:51,297 [INFO] GarimpoInvestimentos.v3.regime_engine: Mapa de estados: {0: 'bull', 1: 'sideways', 2: 'bear'}
2026-09-27 23:14:51,297 [INFO] GarimpoInvestimentos.v3.regime_engine:   Estado 0 (bull): 36.7% das obs, retorno médio=0.001161
2026-09-27 23:14:51,297 [INFO] GarimpoInvestimentos.v3.regime_engine:   Estado 1 (sideways): 36.5% das obs, retorno médio=-0.001453
2026-09-27 23:14:51,297 [INFO] GarimpoInvestimentos.v3.regime_engine:   Estado 2 (bear): 26.9% das obs, retorno médio=-0.002653
2026-09-27 23:14:51,327 [INFO] __main__: backtest_v3 [BTCUSDT] fold 57: IC=0.0000 [0.0000, 0.0000] PSR=0.024 MaxDD=0.00% → INSUFFICIENT_DATA
2026-09-27 23:14:51,327 [INFO] __main__: backtest_v3 [BTCUSDT] fold 58: IS=[1740 d, 1920 d), OOS=[1927 d, 1957 d)
2026-09-27 23:14:51,661 [INFO] GarimpoInvestimentos.v3.regime_engine: RegimeEngine treinado com 539 observações.
2026-09-27 23:14:51,661 [INFO] GarimpoInvestimentos.v3.regime_engine: Mapa de estados: {2: 'bull', 0: 'sideways', 1: 'bear'}
2026-09-27 23:14:51,661 [INFO] GarimpoInvestimentos.v3.regime_engine:   Estado 2 (bull): 25.8% das obs, retorno médio=0.000909
2026-09-27 23:14:51,661 [INFO] GarimpoInvestimentos.v3.regime_engine:   Estado 0 (sideways): 47.3% das obs, retorno médio=-0.001688
2026-09-27 23:14:51,661 [INFO] GarimpoInvestimentos.v3.regime_engine:   Estado 1 (bear): 26.9% das obs, retorno médio=-0.002145
2026-09-27 23:14:51,692 [INFO] __main__: backtest_v3 [BTCUSDT] fold 58: IC=0.0000 [0.0000, 0.0000] PSR=0.020 MaxDD=0.39% → INSUFFICIENT_DATA
2026-09-27 23:14:51,692 [INFO] __main__: backtest_v3 [BTCUSDT] fold 59: IS=[1770 d, 1950 d), OOS=[1957 d, 1987 d)
2026-09-27 23:14:52,087 [INFO] GarimpoInvestimentos.v3.regime_engine: RegimeEngine treinado com 540 observações.
2026-09-27 23:14:52,087 [INFO] GarimpoInvestimentos.v3.regime_engine: Mapa de estados: {0: 'bull', 2: 'sideways', 1: 'bear'}
2026-09-27 23:14:52,087 [INFO] GarimpoInvestimentos.v3.regime_engine:   Estado 0 (bull): 27.8% das obs, retorno médio=0.000577
2026-09-27 23:14:52,087 [INFO] GarimpoInvestimentos.v3.regime_engine:   Estado 2 (sideways): 23.9% das obs, retorno médio=-0.000314
2026-09-27 23:14:52,087 [INFO] GarimpoInvestimentos.v3.regime_engine:   Estado 1 (bear): 48.3% das obs, retorno médio=-0.001184
2026-09-27 23:14:52,125 [INFO] __main__: backtest_v3 [BTCUSDT] fold 59: IC=0.0000 [0.0000, 0.0000] PSR=0.976 MaxDD=0.00% → INSUFFICIENT_DATA
2026-09-27 23:14:52,125 [INFO] __main__: backtest_v3 [BTCUSDT] fold 60: IS=[1800 d, 1980 d), OOS=[1987 d, 2017 d)
2026-09-27 23:14:52,614 [INFO] GarimpoInvestimentos.v3.regime_engine: RegimeEngine treinado com 539 observações.
2026-09-27 23:14:52,614 [INFO] GarimpoInvestimentos.v3.regime_engine: Mapa de estados: {2: 'bull', 1: 'sideways', 0: 'bear'}
2026-09-27 23:14:52,614 [INFO] GarimpoInvestimentos.v3.regime_engine:   Estado 2 (bull): 21.5% das obs, retorno médio=0.000304
2026-09-27 23:14:52,614 [INFO] GarimpoInvestimentos.v3.regime_engine:   Estado 1 (sideways): 35.6% das obs, retorno médio=0.000062
2026-09-27 23:14:52,614 [INFO] GarimpoInvestimentos.v3.regime_engine:   Estado 0 (bear): 42.9% das obs, retorno médio=-0.001510
2026-09-27 23:14:52,745 [INFO] __main__: backtest_v3 [BTCUSDT] fold 60: IC=0.7000 [-0.8750, 1.0000] PSR=0.373 MaxDD=0.86% → INSUFFICIENT_DATA
2026-09-27 23:14:52,745 [INFO] __main__: backtest_v3 [BTCUSDT] fold 61: IS=[1830 d, 2010 d), OOS=[2017 d, 2047 d)
2026-09-27 23:14:52,953 [INFO] GarimpoInvestimentos.v3.regime_engine: RegimeEngine treinado com 540 observações.
2026-09-27 23:14:52,953 [INFO] GarimpoInvestimentos.v3.regime_engine: Mapa de estados: {0: 'bull', 1: 'sideways', 2: 'bear'}
2026-09-27 23:14:52,953 [INFO] GarimpoInvestimentos.v3.regime_engine:   Estado 0 (bull): 34.4% das obs, retorno médio=-0.000045
2026-09-27 23:14:52,953 [INFO] GarimpoInvestimentos.v3.regime_engine:   Estado 1 (sideways): 44.6% das obs, retorno médio=-0.000713
2026-09-27 23:14:52,953 [INFO] GarimpoInvestimentos.v3.regime_engine:   Estado 2 (bear): 20.9% das obs, retorno médio=-0.001769
2026-09-27 23:14:52,984 [INFO] __main__: backtest_v3 [BTCUSDT] fold 61: IC=0.0000 [0.0000, 0.0000] PSR=0.976 MaxDD=0.00% → INSUFFICIENT_DATA
2026-09-27 23:14:56,394 [INFO] __main__: ============================================================
2026-09-27 23:14:56,394 [INFO] __main__: WFA RESULTADO FINAL — BTCUSDT (fr_window=90, kelly=1.00)
2026-09-27 23:14:56,394 [INFO] __main__: ============================================================
2026-09-27 23:14:56,394 [INFO] __main__: Folds: 45 | GO: 0 | NO-GO: 1
2026-09-27 23:14:56,394 [INFO] __main__: PSR agregado   : 0.1690 (threshold: 0.80)
2026-09-27 23:14:56,394 [INFO] __main__: IC Spearman    : 0.0683  CI_lower: -0.1021
2026-09-27 23:14:56,394 [INFO] __main__: Max Drawdown   : 9.90%  (threshold: 20%)
2026-09-27 23:14:56,394 [INFO] __main__: Sharpe agregado: -0.9414
2026-09-27 23:14:56,394 [INFO] __main__: Sortino/Calmar : -1.2226 / -0.7032 (sobre a curva de equity com netting)
2026-09-27 23:14:56,394 [INFO] __main__: Retorno medio  : bruto -0.000004 -> LIQUIDO -0.000055 por sinal (fee 10bps + slip + funding real)
2026-09-27 23:14:56,394 [INFO] __main__: IC95 liq. medio: [-0.000193, 0.000077]  — cruza zero
2026-09-27 23:14:56,394 [INFO] __main__: Gate econômico : DESATIVADO | min_n=20 | edge líquido mínimo=0.0000
2026-09-27 23:14:56,394 [INFO] __main__: ────────────────────────────────────────────────────────────
2026-09-27 23:14:56,394 [INFO] __main__: VEREDICTO: NO-GO
2026-09-27 23:14:56,394 [INFO] __main__: RAZÃO    : PSR=0.169 < 0.80; IC_CI_lower=-0.1021 ≤ 0
2026-09-27 23:14:56,394 [INFO] __main__: ============================================================
2026-09-27 23:14:56,394 [INFO] __main__: → Critérios não atendidos. Fase 2 BLOQUEADA. Pivot de pesquisa necessário.
