Carry sources and chronology verified: 68
Four carry streams complete
One spot stream complete
{
  "AR1_BTCUSDT": {
    "base": 424.25289,
    "adverse": 341.12759,
    "compression": 104.119646
  },
  "AR1_ETHUSDT": {
    "base": 328.944327,
    "adverse": 250.013774,
    "compression": 65.937036
  },
  "AR2_BTCUSDT": {
    "base": 17.791104,
    "adverse": -82.257986,
    "compression": -117.419431
  },
  "AR2_ETHUSDT": {
    "base": 30.687757,
    "adverse": -80.17624,
    "compression": -130.093242
  },
  "AR3_UNIVERSE": {
    "0": -4929.708992958982,
    "10": -4945.351397309188,
    "40": -4974.354352493601,
    "90": -4992.765937682178
  }
}
