........................................................................ [  4%]
........................................................................ [  9%]
........................................................................ [ 14%]
........................................................................ [ 18%]
........................................................................ [ 23%]
........................................................................ [ 28%]
........................................................................ [ 32%]
........................................................................ [ 37%]
........................................................................ [ 42%]
........................................................................ [ 47%]
..............s......................................................... [ 51%]
........................................................................ [ 56%]
........................................................................ [ 61%]
........................................................................ [ 65%]
........................................................................ [ 70%]
........................................................................ [ 75%]
........................................................................ [ 80%]
........................................................................ [ 84%]
........................................................................ [ 89%]
........................................................................ [ 94%]
........................................................................ [ 98%]
.................                                                        [100%]
- generated xml file: C:\Cripto\operacao\relatorios\CAPABILITY_TRANSFER_20260911T0525\full_suite.xml -
1528 passed, 1 skipped in 491.78s (0:08:11)
