........................................................................ [  4%]
........................................................................ [  9%]
........................................................................ [ 14%]
........................................................................ [ 19%]
........................................................................ [ 23%]
........................................................................ [ 28%]
........................................................................ [ 33%]
........................................................................ [ 38%]
........................................................................ [ 43%]
........................................................................ [ 47%]
..............s......................................................... [ 52%]
........................................................................ [ 57%]
........................................................................ [ 62%]
........................................................................ [ 66%]
........................................................................ [ 71%]
........................................................................ [ 76%]
........................................................................ [ 81%]
........................................................................ [ 86%]
........................................................................ [ 90%]
........................................................................ [ 95%]
..................................................................       [100%]
- generated xml file: C:\Cripto\operacao\relatorios\OPEN_SOURCE_20260911T0233\completion\full_suite.xml -
1505 passed, 1 skipped in 428.28s (0:07:08)
